[0m[32mCheck[0m file:///Users/tettuan/github/breakdown/lib/builder/0_architecture_variables_builder_test.ts
[0m[32mCheck[0m file:///Users/tettuan/github/breakdown/lib/builder/1_structure_variables_builder_test.ts
[0m[32mCheck[0m file:///Users/tettuan/github/breakdown/lib/builder/2_unit_variables_builder_test.ts
[0m[32mCheck[0m file:///Users/tettuan/github/breakdown/lib/builder/3_edge_case_variables_builder_test.ts
[0m[32mCheck[0m file:///Users/tettuan/github/breakdown/lib/builder/4_integration_variables_builder_test.ts
[0m[32mCheck[0m file:///Users/tettuan/github/breakdown/lib/builder/tests/0_architecture_variables_builder_test.ts
[0m[32mCheck[0m file:///Users/tettuan/github/breakdown/lib/builder/tests/1_structure_variables_builder_test.ts
[0m[32mCheck[0m file:///Users/tettuan/github/breakdown/lib/builder/tests/2_unit_variables_builder_test.ts
[0m[32mCheck[0m file:///Users/tettuan/github/breakdown/lib/builder/variables_builder.ts
[0m[32mCheck[0m file:///Users/tettuan/github/breakdown/lib/cli/0_architecture_errors_test.ts
[0m[32mCheck[0m file:///Users/tettuan/github/breakdown/lib/cli/0_architecture_help_test.ts
[0m[32mCheck[0m file:///Users/tettuan/github/breakdown/lib/cli/1_structure_errors_test.ts
[0m[32mCheck[0m file:///Users/tettuan/github/breakdown/lib/cli/1_structure_help_test.ts
[0m[32mCheck[0m file:///Users/tettuan/github/breakdown/lib/cli/2_unit_errors_test.ts
[0m[32mCheck[0m file:///Users/tettuan/github/breakdown/lib/cli/2_unit_help_test.ts
[0m[32mCheck[0m file:///Users/tettuan/github/breakdown/lib/cli/3_integration_errors_test.ts
[0m[32mCheck[0m file:///Users/tettuan/github/breakdown/lib/cli/config/0_architecture_types_test.ts
[0m[32mCheck[0m file:///Users/tettuan/github/breakdown/lib/cli/config/1_structure_types_test.ts
[0m[32mCheck[0m file:///Users/tettuan/github/breakdown/lib/cli/config/2_unit_types_test.ts
[0m[32mCheck[0m file:///Users/tettuan/github/breakdown/lib/cli/config/types.ts
[0m[32mCheck[0m file:///Users/tettuan/github/breakdown/lib/cli/errors.ts
[0m[32mCheck[0m file:///Users/tettuan/github/breakdown/lib/cli/generators/0_architecture_two_params_prompt_generator_test.ts
[0m[32mCheck[0m file:///Users/tettuan/github/breakdown/lib/cli/generators/1_structure_two_params_prompt_generator_test.ts
[0m[32mCheck[0m file:///Users/tettuan/github/breakdown/lib/cli/generators/2_unit_two_params_prompt_generator_test.ts
[0m[32mCheck[0m file:///Users/tettuan/github/breakdown/lib/cli/generators/3_integration_two_params_prompt_generator_test.ts
[0m[32mCheck[0m file:///Users/tettuan/github/breakdown/lib/cli/generators/two_params_prompt_generator.ts
[0m[32mCheck[0m file:///Users/tettuan/github/breakdown/lib/cli/handlers/0_architecture_one_params_handler_test.ts
[0m[32mCheck[0m file:///Users/tettuan/github/breakdown/lib/cli/handlers/0_architecture_two_params_handler_original_test.ts
[0m[32mCheck[0m file:///Users/tettuan/github/breakdown/lib/cli/handlers/0_architecture_two_params_handler_refactored_test.ts
[0m[32mCheck[0m file:///Users/tettuan/github/breakdown/lib/cli/handlers/0_architecture_two_params_handler_test.ts
[0m[32mCheck[0m file:///Users/tettuan/github/breakdown/lib/cli/handlers/0_architecture_two_params_orchestrator_test.ts
[0m[32mCheck[0m file:///Users/tettuan/github/breakdown/lib/cli/handlers/0_architecture_zero_params_handler_test.ts
[0m[32mCheck[0m file:///Users/tettuan/github/breakdown/lib/cli/handlers/1_structure_one_params_handler_test.ts
[0m[32mCheck[0m file:///Users/tettuan/github/breakdown/lib/cli/handlers/1_structure_two_params_handler_original_test.ts
[0m[32mCheck[0m file:///Users/tettuan/github/breakdown/lib/cli/handlers/1_structure_two_params_handler_refactored_test.ts
[0m[32mCheck[0m file:///Users/tettuan/github/breakdown/lib/cli/handlers/1_structure_two_params_handler_test.ts
[0m[32mCheck[0m file:///Users/tettuan/github/breakdown/lib/cli/handlers/1_structure_two_params_orchestrator_test.ts
[0m[32mCheck[0m file:///Users/tettuan/github/breakdown/lib/cli/handlers/1_structure_zero_params_handler_test.ts
[0m[32mCheck[0m file:///Users/tettuan/github/breakdown/lib/cli/handlers/2_unit_one_params_handler_test.ts
[0m[32mCheck[0m file:///Users/tettuan/github/breakdown/lib/cli/handlers/2_unit_two_params_handler_original_test.ts
[0m[32mCheck[0m file:///Users/tettuan/github/breakdown/lib/cli/handlers/2_unit_two_params_handler_refactored_test.ts
[0m[32mCheck[0m file:///Users/tettuan/github/breakdown/lib/cli/handlers/2_unit_two_params_handler_test.ts
[0m[32mCheck[0m file:///Users/tettuan/github/breakdown/lib/cli/handlers/2_unit_two_params_orchestrator_test.ts
[0m[32mCheck[0m file:///Users/tettuan/github/breakdown/lib/cli/handlers/2_unit_zero_params_handler_test.ts
[0m[32mCheck[0m file:///Users/tettuan/github/breakdown/lib/cli/handlers/3_integration_handler_compatibility_test.ts
[0m[32mCheck[0m file:///Users/tettuan/github/breakdown/lib/cli/handlers/3_integration_two_params_handler_test.ts
[0m[32mCheck[0m file:///Users/tettuan/github/breakdown/lib/cli/handlers/3_integration_two_params_orchestrator_performance_test.ts
[0m[32mCheck[0m file:///Users/tettuan/github/breakdown/lib/cli/handlers/one_params_handler.ts
[0m[32mCheck[0m file:///Users/tettuan/github/breakdown/lib/cli/handlers/two_params_handler.ts
[0m[32mCheck[0m file:///Users/tettuan/github/breakdown/lib/cli/handlers/two_params_handler_original.ts
[0m[32mCheck[0m file:///Users/tettuan/github/breakdown/lib/cli/handlers/two_params_handler_refactored.ts
[0m[32mCheck[0m file:///Users/tettuan/github/breakdown/lib/cli/handlers/two_params_orchestrator.ts
[0m[32mCheck[0m file:///Users/tettuan/github/breakdown/lib/cli/handlers/zero_params_handler.ts
[0m[32mCheck[0m file:///Users/tettuan/github/breakdown/lib/cli/help.ts
[0m[32mCheck[0m file:///Users/tettuan/github/breakdown/lib/cli/initialization/0_architecture_workspace_initializer_test.ts
[0m[32mCheck[0m file:///Users/tettuan/github/breakdown/lib/cli/initialization/1_structure_workspace_initializer_test.ts
[0m[32mCheck[0m file:///Users/tettuan/github/breakdown/lib/cli/initialization/2_unit_workspace_initializer_test.ts
[0m[32mCheck[0m file:///Users/tettuan/github/breakdown/lib/cli/initialization/workspace_initializer.ts
[0m[32mCheck[0m file:///Users/tettuan/github/breakdown/lib/cli/orchestrators/0_architecture_two_params_orchestrator_test.ts
[0m[32mCheck[0m file:///Users/tettuan/github/breakdown/lib/cli/orchestrators/1_structure_two_params_orchestrator_test.ts
[0m[32mCheck[0m file:///Users/tettuan/github/breakdown/lib/cli/orchestrators/2_unit_two_params_orchestrator_test.ts
[0m[32mCheck[0m file:///Users/tettuan/github/breakdown/lib/cli/orchestrators/two_params_orchestrator.ts
[0m[32mCheck[0m file:///Users/tettuan/github/breakdown/lib/cli/processors/0_architecture_two_params_processor_test.ts
[0m[32mCheck[0m file:///Users/tettuan/github/breakdown/lib/cli/processors/0_architecture_two_params_stdin_processor_test.ts
[0m[32mCheck[0m file:///Users/tettuan/github/breakdown/lib/cli/processors/0_architecture_two_params_variable_processor_test.ts
[0m[32mCheck[0m file:///Users/tettuan/github/breakdown/lib/cli/processors/1_structure_two_params_processor_test.ts
[0m[32mCheck[0m file:///Users/tettuan/github/breakdown/lib/cli/processors/1_structure_two_params_stdin_processor_test.ts
[0m[32mCheck[0m file:///Users/tettuan/github/breakdown/lib/cli/processors/1_structure_two_params_variable_processor_test.ts
[0m[32mCheck[0m file:///Users/tettuan/github/breakdown/lib/cli/processors/2_unit_two_params_processor_test.ts
[0m[32mCheck[0m file:///Users/tettuan/github/breakdown/lib/cli/processors/2_unit_two_params_stdin_processor_test.ts
[0m[32mCheck[0m file:///Users/tettuan/github/breakdown/lib/cli/processors/2_unit_two_params_variable_processor_test.ts
[0m[32mCheck[0m file:///Users/tettuan/github/breakdown/lib/cli/processors/two_params_processor.ts
[0m[32mCheck[0m file:///Users/tettuan/github/breakdown/lib/cli/processors/two_params_processor_test.ts
[0m[32mCheck[0m file:///Users/tettuan/github/breakdown/lib/cli/processors/two_params_stdin_processor.ts
[0m[32mCheck[0m file:///Users/tettuan/github/breakdown/lib/cli/processors/two_params_variable_processor.ts
[0m[32mCheck[0m file:///Users/tettuan/github/breakdown/lib/cli/tests/0_architecture_custom_config_integration_test.ts
[0m[32mCheck[0m file:///Users/tettuan/github/breakdown/lib/cli/tests/1_structure_breakdown_config_custom_test.ts
[0m[32mCheck[0m file:///Users/tettuan/github/breakdown/lib/cli/tests/1_structure_predefined_configs_test.ts
[0m[32mCheck[0m file:///Users/tettuan/github/breakdown/lib/cli/tests/2_unit_commands_test.ts
[0m[32mCheck[0m file:///Users/tettuan/github/breakdown/lib/cli/tests/2_unit_no_params_test.ts
[0m[32mCheck[0m file:///Users/tettuan/github/breakdown/lib/cli/validators/0_architecture_mod_test.ts
[0m[32mCheck[0m file:///Users/tettuan/github/breakdown/lib/cli/validators/1_structure_mod_test.ts
[0m[32mCheck[0m file:///Users/tettuan/github/breakdown/lib/cli/validators/2_unit_mod_test.ts
[0m[32mCheck[0m file:///Users/tettuan/github/breakdown/lib/cli/validators/2_unit_two_params_validator_test.ts
[0m[32mCheck[0m file:///Users/tettuan/github/breakdown/lib/cli/validators/mod.ts
[0m[32mCheck[0m file:///Users/tettuan/github/breakdown/lib/cli/validators/two_params_validator.ts
[0m[32mCheck[0m file:///Users/tettuan/github/breakdown/lib/commands/0_architecture_mod_test.ts
[0m[32mCheck[0m file:///Users/tettuan/github/breakdown/lib/commands/0_architecture_prompt_file_generator_test.ts
[0m[32mCheck[0m file:///Users/tettuan/github/breakdown/lib/commands/1_structure_mod_test.ts
[0m[32mCheck[0m file:///Users/tettuan/github/breakdown/lib/commands/1_structure_prompt_file_generator_test.ts
[0m[32mCheck[0m file:///Users/tettuan/github/breakdown/lib/commands/2_unit_mod_test.ts
[0m[32mCheck[0m file:///Users/tettuan/github/breakdown/lib/commands/2_unit_prompt_file_generator_test.ts
[0m[32mCheck[0m file:///Users/tettuan/github/breakdown/lib/commands/3_integration_prompt_file_generator_test.ts
[0m[32mCheck[0m file:///Users/tettuan/github/breakdown/lib/commands/mod.ts
[0m[32mCheck[0m file:///Users/tettuan/github/breakdown/lib/commands/prompt_file_generator.ts
[0m[32mCheck[0m file:///Users/tettuan/github/breakdown/lib/config/0_architecture_loader_test.ts
[0m[32mCheck[0m file:///Users/tettuan/github/breakdown/lib/config/0_architecture_pattern_provider_test.ts
[0m[32mCheck[0m file:///Users/tettuan/github/breakdown/lib/config/1_structure_loader_test.ts
[0m[32mCheck[0m file:///Users/tettuan/github/breakdown/lib/config/1_structure_pattern_provider_test.ts
[0m[32mCheck[0m file:///Users/tettuan/github/breakdown/lib/config/2_unit_loader_test.ts
[0m[32mCheck[0m file:///Users/tettuan/github/breakdown/lib/config/2_unit_pattern_provider_test.ts
[0m[32mCheck[0m file:///Users/tettuan/github/breakdown/lib/config/2_unit_timeout_manager_test.ts
[0m[32mCheck[0m file:///Users/tettuan/github/breakdown/lib/config/constants.ts
[0m[32mCheck[0m file:///Users/tettuan/github/breakdown/lib/config/loader.ts
[0m[32mCheck[0m file:///Users/tettuan/github/breakdown/lib/config/pattern_provider.ts
[0m[32mCheck[0m file:///Users/tettuan/github/breakdown/lib/config/timeout_manager.ts
[0m[32mCheck[0m file:///Users/tettuan/github/breakdown/lib/deps.ts
[0m[32mCheck[0m file:///Users/tettuan/github/breakdown/lib/factory/0_architecture_config_prefix_detector_test.ts
[0m[32mCheck[0m file:///Users/tettuan/github/breakdown/lib/factory/0_architecture_input_file_path_resolver_test.ts
[0m[32mCheck[0m file:///Users/tettuan/github/breakdown/lib/factory/0_architecture_output_file_path_resolver_test.ts
[0m[32mCheck[0m file:///Users/tettuan/github/breakdown/lib/factory/0_architecture_path_resolver_test.ts
[0m[32mCheck[0m file:///Users/tettuan/github/breakdown/lib/factory/0_architecture_prompt_template_path_resolver_test.ts
[0m[32mCheck[0m file:///Users/tettuan/github/breakdown/lib/factory/0_architecture_prompt_variables_factory_test.ts
[0m[32mCheck[0m file:///Users/tettuan/github/breakdown/lib/factory/0_architecture_schema_file_path_resolver_test.ts
[0m[32mCheck[0m file:///Users/tettuan/github/breakdown/lib/factory/0_architecture_stdin_variable_factory_test.ts
[0m[32mCheck[0m file:///Users/tettuan/github/breakdown/lib/factory/0_architecture_totality_compliance_test.ts
[0m[32mCheck[0m file:///Users/tettuan/github/breakdown/lib/factory/1_structure_config_prefix_detector_test.ts
[0m[32mCheck[0m file:///Users/tettuan/github/breakdown/lib/factory/1_structure_input_file_path_resolver_test.ts
[0m[32mCheck[0m file:///Users/tettuan/github/breakdown/lib/factory/1_structure_output_file_path_resolver_test.ts
[0m[32mCheck[0m file:///Users/tettuan/github/breakdown/lib/factory/1_structure_path_resolver_test.ts
[0m[32mCheck[0m file:///Users/tettuan/github/breakdown/lib/factory/1_structure_prompt_template_path_resolver_test.ts
[0m[32mCheck[0m file:///Users/tettuan/github/breakdown/lib/factory/1_structure_prompt_variables_factory_test.ts
[0m[32mCheck[0m file:///Users/tettuan/github/breakdown/lib/factory/1_structure_schema_file_path_resolver_test.ts
[0m[32mCheck[0m file:///Users/tettuan/github/breakdown/lib/factory/1_structure_stdin_variable_factory_test.ts
[0m[32mCheck[0m file:///Users/tettuan/github/breakdown/lib/factory/1_structure_two_params_result_test.ts
[0m[32mCheck[0m file:///Users/tettuan/github/breakdown/lib/factory/2_unit_config_constraint_validation_test.ts
[0m[32mCheck[0m file:///Users/tettuan/github/breakdown/lib/factory/2_unit_config_prefix_detector_test.ts
[0m[32mCheck[0m file:///Users/tettuan/github/breakdown/lib/factory/2_unit_input_file_path_resolver_test.ts
[0m[32mCheck[0m file:///Users/tettuan/github/breakdown/lib/factory/2_unit_output_file_path_resolver_test.ts
[0m[32mCheck[0m file:///Users/tettuan/github/breakdown/lib/factory/2_unit_prompt_template_path_resolver_test.ts
[0m[32mCheck[0m file:///Users/tettuan/github/breakdown/lib/factory/2_unit_prompt_variables_factory_test.ts
[0m[32mCheck[0m file:///Users/tettuan/github/breakdown/lib/factory/2_unit_result_type_error_handling_test.ts
[0m[32mCheck[0m file:///Users/tettuan/github/breakdown/lib/factory/2_unit_schema_file_path_resolver_test.ts
[0m[32mCheck[0m file:///Users/tettuan/github/breakdown/lib/factory/2_unit_stdin_variable_factory_test.ts
[0m[32mCheck[0m file:///Users/tettuan/github/breakdown/lib/factory/config_prefix_detector.ts
[0m[32mCheck[0m file:///Users/tettuan/github/breakdown/lib/factory/input_file_path_resolver.ts
[0m[32mCheck[0m file:///Users/tettuan/github/breakdown/lib/factory/output_file_path_resolver.ts
[0m[32mCheck[0m file:///Users/tettuan/github/breakdown/lib/factory/prompt_template_path_resolver.ts
[0m[32mCheck[0m file:///Users/tettuan/github/breakdown/lib/factory/prompt_variables_factory.ts
[0m[32mCheck[0m file:///Users/tettuan/github/breakdown/lib/factory/schema_file_path_resolver.ts
[0m[32mCheck[0m file:///Users/tettuan/github/breakdown/lib/factory/stdin_variable_factory.ts
[0m[32mCheck[0m file:///Users/tettuan/github/breakdown/lib/helpers/0_architecture_template_error_handler_test.ts
[0m[32mCheck[0m file:///Users/tettuan/github/breakdown/lib/helpers/0_architecture_totality_factory_helper_test.ts
[0m[32mCheck[0m file:///Users/tettuan/github/breakdown/lib/helpers/1_structure_template_error_handler_test.ts
[0m[32mCheck[0m file:///Users/tettuan/github/breakdown/lib/helpers/1_structure_totality_factory_helper_test.ts
[0m[32mCheck[0m file:///Users/tettuan/github/breakdown/lib/helpers/2_unit_template_error_handler_test.ts
[0m[32mCheck[0m file:///Users/tettuan/github/breakdown/lib/helpers/2_unit_totality_factory_helper_test.ts
[0m[32mCheck[0m file:///Users/tettuan/github/breakdown/lib/helpers/3_integration_template_error_handler_test.ts
[0m[32mCheck[0m file:///Users/tettuan/github/breakdown/lib/helpers/template_error_handler.ts
[0m[32mCheck[0m file:///Users/tettuan/github/breakdown/lib/helpers/template_validator.ts
[0m[32mCheck[0m file:///Users/tettuan/github/breakdown/lib/helpers/totality_factory_helper.ts
[0m[32mCheck[0m file:///Users/tettuan/github/breakdown/lib/io/0_architecture_stdin_test.ts
[0m[32mCheck[0m file:///Users/tettuan/github/breakdown/lib/io/1_structure_stdin_test.ts
[0m[32mCheck[0m file:///Users/tettuan/github/breakdown/lib/io/2_unit_io_test.ts
[0m[32mCheck[0m file:///Users/tettuan/github/breakdown/lib/io/2_unit_stdin_test.ts
[0m[32mCheck[0m file:///Users/tettuan/github/breakdown/lib/io/ci_stdin_test_framework.ts
[0m[32mCheck[0m file:///Users/tettuan/github/breakdown/lib/io/enhanced_stdin.ts
[0m[32mCheck[0m file:///Users/tettuan/github/breakdown/lib/io/stdin.ts
[0m[32mCheck[0m file:///Users/tettuan/github/breakdown/lib/io/stdin_integration_wrapper.ts
[0m[32mCheck[0m file:///Users/tettuan/github/breakdown/lib/io/stdin_integration_wrapper_test.ts
[0m[32mCheck[0m file:///Users/tettuan/github/breakdown/lib/mod.ts
[0m[32mCheck[0m file:///Users/tettuan/github/breakdown/lib/processor/0_architecture_variable_processor_test.ts
[0m[32mCheck[0m file:///Users/tettuan/github/breakdown/lib/processor/1_structure_variable_processor_test.ts
[0m[32mCheck[0m file:///Users/tettuan/github/breakdown/lib/processor/2_unit_variable_processor_test.ts
[0m[32mCheck[0m file:///Users/tettuan/github/breakdown/lib/processor/variable_processor.ts
[0m[32mCheck[0m file:///Users/tettuan/github/breakdown/lib/prompt/0_architecture_prompt_adapter_test.ts
[0m[32mCheck[0m file:///Users/tettuan/github/breakdown/lib/prompt/0_architecture_prompt_adapter_validator_test.ts
[0m[32mCheck[0m file:///Users/tettuan/github/breakdown/lib/prompt/1_structure_prompt_adapter_test.ts
[0m[32mCheck[0m file:///Users/tettuan/github/breakdown/lib/prompt/1_structure_prompt_adapter_validator_test.ts
[0m[32mCheck[0m file:///Users/tettuan/github/breakdown/lib/prompt/2_unit_prompt_adapter_test.ts
[0m[32mCheck[0m file:///Users/tettuan/github/breakdown/lib/prompt/2_unit_prompt_adapter_validator_test.ts
[0m[32mCheck[0m file:///Users/tettuan/github/breakdown/lib/prompt/prompt_adapter.ts
[0m[32mCheck[0m file:///Users/tettuan/github/breakdown/lib/prompt/prompt_adapter_validator.ts
[0m[32mCheck[0m file:///Users/tettuan/github/breakdown/lib/templates/prompts.ts
[0m[32mCheck[0m file:///Users/tettuan/github/breakdown/lib/templates/schema.ts
[0m[32mCheck[0m file:///Users/tettuan/github/breakdown/lib/types/0_architecture_config_profile_name_test.ts
[0m[32mCheck[0m file:///Users/tettuan/github/breakdown/lib/types/0_architecture_directive_type_test.ts
[0m[32mCheck[0m file:///Users/tettuan/github/breakdown/lib/types/0_architecture_layer_type_factory_test.ts
[0m[32mCheck[0m file:///Users/tettuan/github/breakdown/lib/types/0_architecture_layer_type_test.ts
[0m[32mCheck[0m file:///Users/tettuan/github/breakdown/lib/types/0_architecture_mod_test.ts
[0m[32mCheck[0m file:///Users/tettuan/github/breakdown/lib/types/0_architecture_params_custom_config_test.ts
[0m[32mCheck[0m file:///Users/tettuan/github/breakdown/lib/types/0_architecture_prompt_variables_test.ts
[0m[32mCheck[0m file:///Users/tettuan/github/breakdown/lib/types/0_architecture_result_test.ts
[0m[32mCheck[0m file:///Users/tettuan/github/breakdown/lib/types/0_architecture_type_factory_enhanced_test.ts
[0m[32mCheck[0m file:///Users/tettuan/github/breakdown/lib/types/0_architecture_type_factory_test.ts
[0m[32mCheck[0m file:///Users/tettuan/github/breakdown/lib/types/0_architecture_variable_result_test.ts
[0m[32mCheck[0m file:///Users/tettuan/github/breakdown/lib/types/1_structure_config_profile_name_test.ts
[0m[32mCheck[0m file:///Users/tettuan/github/breakdown/lib/types/1_structure_directive_type_test.ts
[0m[32mCheck[0m file:///Users/tettuan/github/breakdown/lib/types/1_structure_layer_type_factory_test.ts
[0m[32mCheck[0m file:///Users/tettuan/github/breakdown/lib/types/1_structure_layer_type_test.ts
[0m[32mCheck[0m file:///Users/tettuan/github/breakdown/lib/types/1_structure_mod_test.ts
[0m[32mCheck[0m file:///Users/tettuan/github/breakdown/lib/types/1_structure_params_custom_config_test.ts
[0m[32mCheck[0m file:///Users/tettuan/github/breakdown/lib/types/1_structure_prompt_variables_test.ts
[0m[32mCheck[0m file:///Users/tettuan/github/breakdown/lib/types/1_structure_result_test.ts
[0m[32mCheck[0m file:///Users/tettuan/github/breakdown/lib/types/1_structure_type_factory_enhanced_test.ts
[0m[32mCheck[0m file:///Users/tettuan/github/breakdown/lib/types/1_structure_type_factory_test.ts
[0m[32mCheck[0m file:///Users/tettuan/github/breakdown/lib/types/1_structure_variable_result_test.ts
[0m[32mCheck[0m file:///Users/tettuan/github/breakdown/lib/types/2_unit_config_profile_name_test.ts
[0m[32mCheck[0m file:///Users/tettuan/github/breakdown/lib/types/2_unit_directive_type_test.ts
[0m[32mCheck[0m file:///Users/tettuan/github/breakdown/lib/types/2_unit_layer_type_factory_test.ts
[0m[32mCheck[0m file:///Users/tettuan/github/breakdown/lib/types/2_unit_layer_type_test.ts
[0m[32mCheck[0m file:///Users/tettuan/github/breakdown/lib/types/2_unit_mod_test.ts
[0m[32mCheck[0m file:///Users/tettuan/github/breakdown/lib/types/2_unit_params_custom_config_test.ts
[0m[32mCheck[0m file:///Users/tettuan/github/breakdown/lib/types/2_unit_prompt_variables_test.ts
[0m[32mCheck[0m file:///Users/tettuan/github/breakdown/lib/types/2_unit_type_factory_test.ts
[0m[32mCheck[0m file:///Users/tettuan/github/breakdown/lib/types/2_unit_variable_result_test.ts
[0m[32mCheck[0m file:///Users/tettuan/github/breakdown/lib/types/config_profile_name.ts
[0m[32mCheck[0m file:///Users/tettuan/github/breakdown/lib/types/config_profile_name_test.ts
[0m[32mCheck[0m file:///Users/tettuan/github/breakdown/lib/types/defaults/0_architecture_default_type_pattern_provider_test.ts
[0m[32mCheck[0m file:///Users/tettuan/github/breakdown/lib/types/defaults/1_structure_default_type_pattern_provider_test.ts
[0m[32mCheck[0m file:///Users/tettuan/github/breakdown/lib/types/defaults/2_unit_default_type_pattern_provider_test.ts
[0m[32mCheck[0m file:///Users/tettuan/github/breakdown/lib/types/defaults/config_two_params.ts
[0m[32mCheck[0m file:///Users/tettuan/github/breakdown/lib/types/defaults/default_type_pattern_provider.ts
[0m[32mCheck[0m file:///Users/tettuan/github/breakdown/lib/types/directive_type.ts
[0m[32mCheck[0m file:///Users/tettuan/github/breakdown/lib/types/enums.ts
[0m[32mCheck[0m file:///Users/tettuan/github/breakdown/lib/types/layer_type.ts
[0m[32mCheck[0m file:///Users/tettuan/github/breakdown/lib/types/layer_type_factory.ts
[0m[32mCheck[0m file:///Users/tettuan/github/breakdown/lib/types/legacy_factories.ts
[0m[32mCheck[0m file:///Users/tettuan/github/breakdown/lib/types/mod.ts
[0m[32mCheck[0m file:///Users/tettuan/github/breakdown/lib/types/params_custom_config.ts
[0m[32mCheck[0m file:///Users/tettuan/github/breakdown/lib/types/prompt_variables.ts
[0m[32mCheck[0m file:///Users/tettuan/github/breakdown/lib/types/prompt_variables_test.ts
[0m[32mCheck[0m file:///Users/tettuan/github/breakdown/lib/types/result.ts
[0m[32mCheck[0m file:///Users/tettuan/github/breakdown/lib/types/type_factory.ts
[0m[32mCheck[0m file:///Users/tettuan/github/breakdown/lib/types/variable_result.ts
[0m[32mCheck[0m file:///Users/tettuan/github/breakdown/lib/validator/0_architecture_parameter_validator_test.ts
[0m[32mCheck[0m file:///Users/tettuan/github/breakdown/lib/validator/1_structure_parameter_validator_test.ts
[0m[32mCheck[0m file:///Users/tettuan/github/breakdown/lib/validator/2_unit_parameter_validator_test.ts
[0m[32mCheck[0m file:///Users/tettuan/github/breakdown/lib/validator/mod.ts
[0m[32mCheck[0m file:///Users/tettuan/github/breakdown/lib/validator/parameter_validator.ts
[0m[32mCheck[0m file:///Users/tettuan/github/breakdown/lib/version.ts
[0m[32mCheck[0m file:///Users/tettuan/github/breakdown/lib/versions.ts
[0m[32mCheck[0m file:///Users/tettuan/github/breakdown/lib/workspace/0_architecture_errors_test.ts
[0m[32mCheck[0m file:///Users/tettuan/github/breakdown/lib/workspace/0_architecture_interfaces_test.ts
[0m[32mCheck[0m file:///Users/tettuan/github/breakdown/lib/workspace/0_architecture_mod_test.ts
[0m[32mCheck[0m file:///Users/tettuan/github/breakdown/lib/workspace/0_architecture_structure_test.ts
[0m[32mCheck[0m file:///Users/tettuan/github/breakdown/lib/workspace/0_architecture_types_test.ts
[0m[32mCheck[0m file:///Users/tettuan/github/breakdown/lib/workspace/0_architecture_workspace_test.ts
[0m[32mCheck[0m file:///Users/tettuan/github/breakdown/lib/workspace/1_structure_errors_test.ts
[0m[32mCheck[0m file:///Users/tettuan/github/breakdown/lib/workspace/1_structure_interfaces_test.ts
[0m[32mCheck[0m file:///Users/tettuan/github/breakdown/lib/workspace/1_structure_mod_test.ts
[0m[32mCheck[0m file:///Users/tettuan/github/breakdown/lib/workspace/1_structure_structure_test.ts
[0m[32mCheck[0m file:///Users/tettuan/github/breakdown/lib/workspace/1_structure_types_test.ts
[0m[32mCheck[0m file:///Users/tettuan/github/breakdown/lib/workspace/1_structure_workspace_test.ts
[0m[32mCheck[0m file:///Users/tettuan/github/breakdown/lib/workspace/2_unit_error_handler_test.ts
[0m[32mCheck[0m file:///Users/tettuan/github/breakdown/lib/workspace/2_unit_errors_test.ts
[0m[32mCheck[0m file:///Users/tettuan/github/breakdown/lib/workspace/2_unit_interfaces_test.ts
[0m[32mCheck[0m file:///Users/tettuan/github/breakdown/lib/workspace/2_unit_mod_test.ts
[0m[32mCheck[0m file:///Users/tettuan/github/breakdown/lib/workspace/2_unit_structure_test.ts
[0m[32mCheck[0m file:///Users/tettuan/github/breakdown/lib/workspace/2_unit_workspace_test.ts
[0m[32mCheck[0m file:///Users/tettuan/github/breakdown/lib/workspace/error_handler.ts
[0m[32mCheck[0m file:///Users/tettuan/github/breakdown/lib/workspace/errors.ts
[0m[32mCheck[0m file:///Users/tettuan/github/breakdown/lib/workspace/interfaces.ts
[0m[32mCheck[0m file:///Users/tettuan/github/breakdown/lib/workspace/mod.ts
[0m[32mCheck[0m file:///Users/tettuan/github/breakdown/lib/workspace/path/2_unit_resolver_test.ts
[0m[32mCheck[0m file:///Users/tettuan/github/breakdown/lib/workspace/path/resolver.ts
[0m[32mCheck[0m file:///Users/tettuan/github/breakdown/lib/workspace/path/strategies.ts
[0m[32mCheck[0m file:///Users/tettuan/github/breakdown/lib/workspace/structure.ts
[0m[32mCheck[0m file:///Users/tettuan/github/breakdown/lib/workspace/types.ts
[0m[32mCheck[0m file:///Users/tettuan/github/breakdown/lib/workspace/workspace.ts
[0m[1mTS2345 [0m[ERROR]: Argument of type '{ demonstrativeType: string; layerType: string; options: {}; }' is not assignable to parameter of type 'PromptCliParams | ExtendedTwoParamsResult'.
  Type '{ demonstrativeType: string; layerType: string; options: {}; }' is missing the following properties from type 'ExtendedTwoParamsResult': type, params
    const resolver = new SchemaFilePathResolver(mockConfig, mockParams);
[0m[31m                                                            ~~~~~~~~~~[0m
    at [0m[36mfile:///Users/tettuan/github/breakdown/lib/factory/1_structure_schema_file_path_resolver_test.ts[0m:[0m[33m34[0m:[0m[33m61[0m

[0m[1mTS2345 [0m[ERROR]: Argument of type '{ demonstrativeType: string; layerType: string; options: {}; }' is not assignable to parameter of type 'PromptCliParams | ExtendedTwoParamsResult'.
  Type '{ demonstrativeType: string; layerType: string; options: {}; }' is missing the following properties from type 'ExtendedTwoParamsResult': type, params
    const resolver = new SchemaFilePathResolver(mockConfig, mockParams);
[0m[31m                                                            ~~~~~~~~~~[0m
    at [0m[36mfile:///Users/tettuan/github/breakdown/lib/factory/1_structure_schema_file_path_resolver_test.ts[0m:[0m[33m62[0m:[0m[33m61[0m

[0m[1mTS2345 [0m[ERROR]: Argument of type '{ demonstrativeType: string; layerType: string; options: {}; }' is not assignable to parameter of type 'PromptCliParams | ExtendedTwoParamsResult'.
  Type '{ demonstrativeType: string; layerType: string; options: {}; }' is missing the following properties from type 'ExtendedTwoParamsResult': type, params
    const resolver = new SchemaFilePathResolver(config, params);
[0m[31m                                                        ~~~~~~[0m
    at [0m[36mfile:///Users/tettuan/github/breakdown/lib/factory/1_structure_schema_file_path_resolver_test.ts[0m:[0m[33m89[0m:[0m[33m57[0m

[0m[1mTS2345 [0m[ERROR]: Argument of type '{ demonstrativeType: string; layerType: string; options: {}; }' is not assignable to parameter of type 'PromptCliParams | ExtendedTwoParamsResult'.
  Type '{ demonstrativeType: string; layerType: string; options: {}; }' is missing the following properties from type 'ExtendedTwoParamsResult': type, params
    const resolver1 = new SchemaFilePathResolver(config1, params1);
[0m[31m                                                          ~~~~~~~[0m
    at [0m[36mfile:///Users/tettuan/github/breakdown/lib/factory/1_structure_schema_file_path_resolver_test.ts[0m:[0m[33m119[0m:[0m[33m59[0m

[0m[1mTS2345 [0m[ERROR]: Argument of type '{ demonstrativeType: string; layerType: string; options: {}; }' is not assignable to parameter of type 'PromptCliParams | ExtendedTwoParamsResult'.
  Type '{ demonstrativeType: string; layerType: string; options: {}; }' is missing the following properties from type 'ExtendedTwoParamsResult': type, params
    const resolver2 = new SchemaFilePathResolver(config1, params2);
[0m[31m                                                          ~~~~~~~[0m
    at [0m[36mfile:///Users/tettuan/github/breakdown/lib/factory/1_structure_schema_file_path_resolver_test.ts[0m:[0m[33m133[0m:[0m[33m59[0m

[0m[1mTS2345 [0m[ERROR]: Argument of type '{ demonstrativeType: string; layerType: string; options: {}; }' is not assignable to parameter of type 'PromptCliParams | ExtendedTwoParamsResult'.
  Type '{ demonstrativeType: string; layerType: string; options: {}; }' is missing the following properties from type 'ExtendedTwoParamsResult': type, params
    const resolver = new SchemaFilePathResolver(config, params);
[0m[31m                                                        ~~~~~~[0m
    at [0m[36mfile:///Users/tettuan/github/breakdown/lib/factory/1_structure_schema_file_path_resolver_test.ts[0m:[0m[33m158[0m:[0m[33m57[0m

[0m[1mTS2345 [0m[ERROR]: Argument of type '{ demonstrativeType: string; layerType: string; options: {}; }' is not assignable to parameter of type 'PromptCliParams | ExtendedTwoParamsResult'.
  Type '{ demonstrativeType: string; layerType: string; options: {}; }' is missing the following properties from type 'ExtendedTwoParamsResult': type, params
    const resolver1 = new SchemaFilePathResolver(config, params);
[0m[31m                                                         ~~~~~~[0m
    at [0m[36mfile:///Users/tettuan/github/breakdown/lib/factory/1_structure_schema_file_path_resolver_test.ts[0m:[0m[33m187[0m:[0m[33m58[0m

[0m[1mTS2345 [0m[ERROR]: Argument of type '{ demonstrativeType: string; layerType: string; options: {}; }' is not assignable to parameter of type 'PromptCliParams | ExtendedTwoParamsResult'.
  Type '{ demonstrativeType: string; layerType: string; options: {}; }' is missing the following properties from type 'ExtendedTwoParamsResult': type, params
    const resolver2 = new SchemaFilePathResolver(config, params);
[0m[31m                                                         ~~~~~~[0m
    at [0m[36mfile:///Users/tettuan/github/breakdown/lib/factory/1_structure_schema_file_path_resolver_test.ts[0m:[0m[33m188[0m:[0m[33m58[0m

[0m[1mTS2345 [0m[ERROR]: Argument of type '{ demonstrativeType: string; layerType: string; options: {}; }' is not assignable to parameter of type 'PromptCliParams | ExtendedTwoParamsResult'.
  Type '{ demonstrativeType: string; layerType: string; options: {}; }' is missing the following properties from type 'ExtendedTwoParamsResult': type, params
    const resolver = new SchemaFilePathResolver(config, params);
[0m[31m                                                        ~~~~~~[0m
    at [0m[36mfile:///Users/tettuan/github/breakdown/lib/factory/1_structure_schema_file_path_resolver_test.ts[0m:[0m[33m213[0m:[0m[33m57[0m

[0m[1mTS2345 [0m[ERROR]: Argument of type '{ demonstrativeType: string; layerType: string; options: {}; }' is not assignable to parameter of type 'PromptCliParams | ExtendedTwoParamsResult'.
  Type '{ demonstrativeType: string; layerType: string; options: {}; }' is missing the following properties from type 'ExtendedTwoParamsResult': type, params
      const resolver = new SchemaFilePathResolver(config, params);
[0m[31m                                                          ~~~~~~[0m
    at [0m[36mfile:///Users/tettuan/github/breakdown/lib/factory/1_structure_schema_file_path_resolver_test.ts[0m:[0m[33m247[0m:[0m[33m59[0m

[0m[1mTS2345 [0m[ERROR]: Argument of type '{ demonstrativeType: string; layerType: string; options: { fromFile: string; destinationFile: string; promptDir: string; }; }' is not assignable to parameter of type 'PromptCliParams | ExtendedTwoParamsResult'.
  Type '{ demonstrativeType: string; layerType: string; options: { fromFile: string; destinationFile: string; promptDir: string; }; }' is missing the following properties from type 'ExtendedTwoParamsResult': type, params
    const resolver = new SchemaFilePathResolver(config, schemaParams);
[0m[31m                                                        ~~~~~~~~~~~~[0m
    at [0m[36mfile:///Users/tettuan/github/breakdown/lib/factory/1_structure_schema_file_path_resolver_test.ts[0m:[0m[33m282[0m:[0m[33m57[0m

[0m[1mTS2345 [0m[ERROR]: Argument of type '{ demonstrativeType: string; layerType: string; options: { useCustomSchema?: undefined; }; } | { demonstrativeType: string; layerType: string; options: { useCustomSchema: boolean; }; }' is not assignable to parameter of type 'PromptCliParams | ExtendedTwoParamsResult'.
  Type '{ demonstrativeType: string; layerType: string; options: { useCustomSchema?: undefined; }; }' is not assignable to type 'PromptCliParams | ExtendedTwoParamsResult'.
    Type '{ demonstrativeType: string; layerType: string; options: { useCustomSchema?: undefined; }; }' is missing the following properties from type 'ExtendedTwoParamsResult': type, params
      const resolver = new SchemaFilePathResolver(config, params);
[0m[31m                                                          ~~~~~~[0m
    at [0m[36mfile:///Users/tettuan/github/breakdown/lib/factory/1_structure_schema_file_path_resolver_test.ts[0m:[0m[33m317[0m:[0m[33m59[0m

[0m[1mTS2345 [0m[ERROR]: Argument of type '{ demonstrativeType: string; layerType: string; options: {}; }' is not assignable to parameter of type 'PromptCliParams | ExtendedTwoParamsResult'.
  Type '{ demonstrativeType: string; layerType: string; options: {}; }' is missing the following properties from type 'ExtendedTwoParamsResult': type, params
      const resolver = new SchemaFilePathResolver(config, params);
[0m[31m                                                          ~~~~~~[0m
    at [0m[36mfile:///Users/tettuan/github/breakdown/lib/factory/1_structure_schema_file_path_resolver_test.ts[0m:[0m[33m351[0m:[0m[33m59[0m

[0m[1mTS2345 [0m[ERROR]: Argument of type '{ demonstrativeType: string; layerType: string; options: {}; }' is not assignable to parameter of type 'PromptCliParams | ExtendedTwoParamsResult'.
  Type '{ demonstrativeType: string; layerType: string; options: {}; }' is missing the following properties from type 'ExtendedTwoParamsResult': type, params
      const resolver = new SchemaFilePathResolver(config as any, params);
[0m[31m                                                                 ~~~~~~[0m
    at [0m[36mfile:///Users/tettuan/github/breakdown/lib/factory/1_structure_schema_file_path_resolver_test.ts[0m:[0m[33m387[0m:[0m[33m66[0m

[0m[1mTS18046 [0m[ERROR]: 'error' is of type 'unknown'.
        assertExists(error.message);
[0m[31m                     ~~~~~[0m
    at [0m[36mfile:///Users/tettuan/github/breakdown/lib/factory/1_structure_schema_file_path_resolver_test.ts[0m:[0m[33m395[0m:[0m[33m22[0m

[0m[1mTS18046 [0m[ERROR]: 'error' is of type 'unknown'.
        assertEquals(typeof error.message, "string");
[0m[31m                            ~~~~~[0m
    at [0m[36mfile:///Users/tettuan/github/breakdown/lib/factory/1_structure_schema_file_path_resolver_test.ts[0m:[0m[33m396[0m:[0m[33m29[0m

[0m[1mTS2345 [0m[ERROR]: Argument of type '{ demonstrativeType: string; layerType: string; options: {}; }' is not assignable to parameter of type 'PromptCliParams | ExtendedTwoParamsResult'.
  Type '{ demonstrativeType: string; layerType: string; options: {}; }' is missing the following properties from type 'ExtendedTwoParamsResult': type, params
      const resolver = new SchemaFilePathResolver(config, params);
[0m[31m                                                          ~~~~~~[0m
    at [0m[36mfile:///Users/tettuan/github/breakdown/lib/factory/1_structure_schema_file_path_resolver_test.ts[0m:[0m[33m422[0m:[0m[33m59[0m

[0m[1mTS2345 [0m[ERROR]: Argument of type '{ demonstrativeType: string; layerType: string; options: {}; }' is not assignable to parameter of type 'PromptCliParams | ExtendedTwoParamsResult'.
  Type '{ demonstrativeType: string; layerType: string; options: {}; }' is missing the following properties from type 'ExtendedTwoParamsResult': type, params
    const resolver = new SchemaFilePathResolver(invalidConfig as any, params);
[0m[31m                                                                      ~~~~~~[0m
    at [0m[36mfile:///Users/tettuan/github/breakdown/lib/factory/1_structure_schema_file_path_resolver_test.ts[0m:[0m[33m447[0m:[0m[33m71[0m

[0m[1mTS18046 [0m[ERROR]: 'error' is of type 'unknown'.
      assertExists(error.message);
[0m[31m                   ~~~~~[0m
    at [0m[36mfile:///Users/tettuan/github/breakdown/lib/factory/1_structure_schema_file_path_resolver_test.ts[0m:[0m[33m456[0m:[0m[33m20[0m

[0m[1mTS18046 [0m[ERROR]: 'error' is of type 'unknown'.
      assertEquals(error.message.length > 0, true);
[0m[31m                   ~~~~~[0m
    at [0m[36mfile:///Users/tettuan/github/breakdown/lib/factory/1_structure_schema_file_path_resolver_test.ts[0m:[0m[33m457[0m:[0m[33m20[0m

[0m[1mTS2345 [0m[ERROR]: Argument of type '{ demonstrativeType: string; layerType: string; options: {}; }' is not assignable to parameter of type 'PromptCliParams | ExtendedTwoParamsResult'.
  Type '{ demonstrativeType: string; layerType: string; options: {}; }' is missing the following properties from type 'ExtendedTwoParamsResult': type, params
    const resolver = new SchemaFilePathResolver(config, params);
[0m[31m                                                        ~~~~~~[0m
    at [0m[36mfile:///Users/tettuan/github/breakdown/lib/factory/1_structure_schema_file_path_resolver_test.ts[0m:[0m[33m476[0m:[0m[33m57[0m

[0m[1mTS2554 [0m[ERROR]: Expected 1 arguments, but got 2.
    const validResult = await validator.validateBaseDir("./", "Base directory");
[0m[31m                                                              ~~~~~~~~~~~~~~~~[0m
    at [0m[36mfile:///Users/tettuan/github/breakdown/lib/prompt/2_unit_prompt_adapter_validator_test.ts[0m:[0m[33m167[0m:[0m[33m63[0m

[0m[1mTS2554 [0m[ERROR]: Expected 1 arguments, but got 2.
    const invalidResult = await validator.validateBaseDir("", "Empty base");
[0m[31m                                                              ~~~~~~~~~~~~[0m
    at [0m[36mfile:///Users/tettuan/github/breakdown/lib/prompt/2_unit_prompt_adapter_validator_test.ts[0m:[0m[33m171[0m:[0m[33m63[0m

[0m[1mTS2554 [0m[ERROR]: Expected 1 arguments, but got 2.
      const result = await validator.validateBaseDir(path, "Special case");
[0m[31m                                                           ~~~~~~~~~~~~~~[0m
    at [0m[36mfile:///Users/tettuan/github/breakdown/lib/prompt/2_unit_prompt_adapter_validator_test.ts[0m:[0m[33m194[0m:[0m[33m60[0m

[0m[1mTS2345 [0m[ERROR]: Argument of type 'unknown' is not assignable to parameter of type 'string | null'.
    const result = ConfigProfileName.create(input);
[0m[31m                                            ~~~~~[0m
    at [0m[36mfile:///Users/tettuan/github/breakdown/lib/types/0_architecture_config_profile_name_test.ts[0m:[0m[33m56[0m:[0m[33m45[0m

[0m[1mTS2339 [0m[ERROR]: Property 'data' does not exist on type 'Result<number, never>'.
  Property 'data' does not exist on type '{ ok: false; error: never; }'.
    assertExists(successResult.data);
[0m[31m                               ~~~~[0m
    at [0m[36mfile:///Users/tettuan/github/breakdown/lib/types/0_architecture_result_test.ts[0m:[0m[33m74[0m:[0m[33m32[0m

[0m[1mTS2339 [0m[ERROR]: Property 'error' does not exist on type 'Result<never, string>'.
  Property 'error' does not exist on type '{ ok: true; data: never; }'.
    assertExists(errorResult.error);
[0m[31m                             ~~~~~[0m
    at [0m[36mfile:///Users/tettuan/github/breakdown/lib/types/0_architecture_result_test.ts[0m:[0m[33m80[0m:[0m[33m30[0m

[0m[1mTS2352 [0m[ERROR]: Conversion of type 'typeof ConfigProfileName' to type 'Record<string, unknown>' may be a mistake because neither type sufficiently overlaps with the other. If this was intentional, convert the expression to 'unknown' first.
  Index signature for type 'string' is missing in type 'typeof ConfigProfileName'.
    name => typeof (ConfigProfileName as Record<string, unknown>)[name] === "function"
[0m[31m                    ~~~~~~~~~~~~~~~~~~~~~~~~~~~~~~~~~~~~~~~~~~~~[0m
    at [0m[36mfile:///Users/tettuan/github/breakdown/lib/types/1_structure_config_profile_name_test.ts[0m:[0m[33m39[0m:[0m[33m21[0m

[0m[1mTS2352 [0m[ERROR]: Conversion of type 'typeof ConfigProfileName' to type 'Record<string, unknown>' may be a mistake because neither type sufficiently overlaps with the other. If this was intentional, convert the expression to 'unknown' first.
  Index signature for type 'string' is missing in type 'typeof ConfigProfileName'.
    (ConfigProfileName as Record<string, unknown>).PROFILE_NAME_PATTERN,
[0m[31m     ~~~~~~~~~~~~~~~~~~~~~~~~~~~~~~~~~~~~~~~~~~~~[0m
    at [0m[36mfile:///Users/tettuan/github/breakdown/lib/types/1_structure_config_profile_name_test.ts[0m:[0m[33m69[0m:[0m[33m6[0m

[0m[1mTS2352 [0m[ERROR]: Conversion of type 'ConfigProfileName' to type 'Record<string, unknown>' may be a mistake because neither type sufficiently overlaps with the other. If this was intentional, convert the expression to 'unknown' first.
  Index signature for type 'string' is missing in type 'ConfigProfileName'.
    (validProfile as Record<string, unknown>).validate,
[0m[31m     ~~~~~~~~~~~~~~~~~~~~~~~~~~~~~~~~~~~~~~~[0m
    at [0m[36mfile:///Users/tettuan/github/breakdown/lib/types/1_structure_config_profile_name_test.ts[0m:[0m[33m80[0m:[0m[33m6[0m

[0m[1mTS2352 [0m[ERROR]: Conversion of type 'ConfigProfileName' to type 'Record<string, unknown>' may be a mistake because neither type sufficiently overlaps with the other. If this was intentional, convert the expression to 'unknown' first.
  Index signature for type 'string' is missing in type 'ConfigProfileName'.
    (validProfile as Record<string, unknown>).isValid,
[0m[31m     ~~~~~~~~~~~~~~~~~~~~~~~~~~~~~~~~~~~~~~~[0m
    at [0m[36mfile:///Users/tettuan/github/breakdown/lib/types/1_structure_config_profile_name_test.ts[0m:[0m[33m85[0m:[0m[33m6[0m

[0m[1mTS2352 [0m[ERROR]: Conversion of type 'typeof ConfigProfileName' to type 'Record<string, unknown> & (new (value: string) => unknown)' may be a mistake because neither type sufficiently overlaps with the other. If this was intentional, convert the expression to 'unknown' first.
  Type 'typeof ConfigProfileName' is not comparable to type 'Record<string, unknown>'.
    Index signature for type 'string' is missing in type 'typeof ConfigProfileName'.
      return new (ConfigProfileName as Record<string, unknown> & { new (value: string): unknown })("test");
[0m[31m                  ~~~~~~~~~~~~~~~~~~~~~~~~~~~~~~~~~~~~~~~~~~~~~~~~~~~~~~~~~~~~~~~~~~~~~~~~~~~~~~~[0m
    at [0m[36mfile:///Users/tettuan/github/breakdown/lib/types/1_structure_config_profile_name_test.ts[0m:[0m[33m108[0m:[0m[33m19[0m

[0m[1mTS2352 [0m[ERROR]: Conversion of type 'ConfigProfileName' to type 'Record<string, unknown>' may be a mistake because neither type sufficiently overlaps with the other. If this was intentional, convert the expression to 'unknown' first.
  Index signature for type 'string' is missing in type 'ConfigProfileName'.
    (profile1 as Record<string, unknown>).value = "modified";
[0m[31m     ~~~~~~~~~~~~~~~~~~~~~~~~~~~~~~~~~~~[0m
    at [0m[36mfile:///Users/tettuan/github/breakdown/lib/types/1_structure_config_profile_name_test.ts[0m:[0m[33m137[0m:[0m[33m6[0m

[0m[1mTS2345 [0m[ERROR]: Argument of type 'unknown' is not assignable to parameter of type 'string | null'.
      const result = ConfigProfileName.create(input);
[0m[31m                                              ~~~~~[0m
    at [0m[36mfile:///Users/tettuan/github/breakdown/lib/types/1_structure_config_profile_name_test.ts[0m:[0m[33m287[0m:[0m[33m47[0m

[0m[1mTS2345 [0m[ERROR]: Argument of type 'unknown' is not assignable to parameter of type 'Record<string, unknown>'.
      const result = ParamsCustomConfig.create(config as unknown);
[0m[31m                                               ~~~~~~~~~~~~~~~~~[0m
    at [0m[36mfile:///Users/tettuan/github/breakdown/lib/types/1_structure_params_custom_config_test.ts[0m:[0m[33m153[0m:[0m[33m48[0m

[0m[1mTS2345 [0m[ERROR]: Argument of type 'unknown' is not assignable to parameter of type 'Record<string, unknown>'.
      const result = ParamsCustomConfig.create(config as unknown);
[0m[31m                                               ~~~~~~~~~~~~~~~~~[0m
    at [0m[36mfile:///Users/tettuan/github/breakdown/lib/types/1_structure_params_custom_config_test.ts[0m:[0m[33m315[0m:[0m[33m48[0m

[0m[1mTS2322 [0m[ERROR]: Type 'unknown' is not assignable to type 'TwoParamsDirectivePattern | null'.
    getDirectivePattern: () => ({
[0m[31m                               ^[0m
    at [0m[36mfile:///Users/tettuan/github/breakdown/lib/validator/0_architecture_parameter_validator_test.ts[0m:[0m[33m50[0m:[0m[33m32[0m

    The expected type comes from the return type of this signature.
      getDirectivePattern(): TwoParamsDirectivePattern | null;
    [0m[36m  ~~~~~~~~~~~~~~~~~~~~~~~~~~~~~~~~~~~~~~~~~~~~~~~~~~~~~~~~[0m
        at [0m[36mfile:///Users/tettuan/github/breakdown/lib/types/type_factory.ts[0m:[0m[33m25[0m:[0m[33m3[0m

[0m[1mTS2322 [0m[ERROR]: Type 'unknown' is not assignable to type 'TwoParamsLayerTypePattern | null'.
    getLayerTypePattern: () => ({
[0m[31m                               ^[0m
    at [0m[36mfile:///Users/tettuan/github/breakdown/lib/validator/0_architecture_parameter_validator_test.ts[0m:[0m[33m56[0m:[0m[33m32[0m

    The expected type comes from the return type of this signature.
      getLayerTypePattern(): TwoParamsLayerTypePattern | null;
    [0m[36m  ~~~~~~~~~~~~~~~~~~~~~~~~~~~~~~~~~~~~~~~~~~~~~~~~~~~~~~~~[0m
        at [0m[36mfile:///Users/tettuan/github/breakdown/lib/types/type_factory.ts[0m:[0m[33m31[0m:[0m[33m3[0m

[0m[1mTS2322 [0m[ERROR]: Type 'unknown' is not assignable to type 'TwoParamsDirectivePattern | null'.
    getDirectivePattern: () => ({
[0m[31m                               ^[0m
    at [0m[36mfile:///Users/tettuan/github/breakdown/lib/validator/0_architecture_parameter_validator_test.ts[0m:[0m[33m135[0m:[0m[33m32[0m

    The expected type comes from the return type of this signature.
      getDirectivePattern(): TwoParamsDirectivePattern | null;
    [0m[36m  ~~~~~~~~~~~~~~~~~~~~~~~~~~~~~~~~~~~~~~~~~~~~~~~~~~~~~~~~[0m
        at [0m[36mfile:///Users/tettuan/github/breakdown/lib/types/type_factory.ts[0m:[0m[33m25[0m:[0m[33m3[0m

[0m[1mTS2322 [0m[ERROR]: Type 'unknown' is not assignable to type 'TwoParamsLayerTypePattern | null'.
    getLayerTypePattern: () => ({
[0m[31m                               ^[0m
    at [0m[36mfile:///Users/tettuan/github/breakdown/lib/validator/0_architecture_parameter_validator_test.ts[0m:[0m[33m141[0m:[0m[33m32[0m

    The expected type comes from the return type of this signature.
      getLayerTypePattern(): TwoParamsLayerTypePattern | null;
    [0m[36m  ~~~~~~~~~~~~~~~~~~~~~~~~~~~~~~~~~~~~~~~~~~~~~~~~~~~~~~~~[0m
        at [0m[36mfile:///Users/tettuan/github/breakdown/lib/types/type_factory.ts[0m:[0m[33m31[0m:[0m[33m3[0m

[0m[1mTS2322 [0m[ERROR]: Type 'unknown' is not assignable to type 'TwoParamsDirectivePattern | null'.
    getDirectivePattern: () => ({
[0m[31m                               ^[0m
    at [0m[36mfile:///Users/tettuan/github/breakdown/lib/validator/0_architecture_parameter_validator_test.ts[0m:[0m[33m193[0m:[0m[33m32[0m

    The expected type comes from the return type of this signature.
      getDirectivePattern(): TwoParamsDirectivePattern | null;
    [0m[36m  ~~~~~~~~~~~~~~~~~~~~~~~~~~~~~~~~~~~~~~~~~~~~~~~~~~~~~~~~[0m
        at [0m[36mfile:///Users/tettuan/github/breakdown/lib/types/type_factory.ts[0m:[0m[33m25[0m:[0m[33m3[0m

[0m[1mTS2322 [0m[ERROR]: Type 'unknown' is not assignable to type 'TwoParamsLayerTypePattern | null'.
    getLayerTypePattern: () => ({
[0m[31m                               ^[0m
    at [0m[36mfile:///Users/tettuan/github/breakdown/lib/validator/0_architecture_parameter_validator_test.ts[0m:[0m[33m199[0m:[0m[33m32[0m

    The expected type comes from the return type of this signature.
      getLayerTypePattern(): TwoParamsLayerTypePattern | null;
    [0m[36m  ~~~~~~~~~~~~~~~~~~~~~~~~~~~~~~~~~~~~~~~~~~~~~~~~~~~~~~~~[0m
        at [0m[36mfile:///Users/tettuan/github/breakdown/lib/types/type_factory.ts[0m:[0m[33m31[0m:[0m[33m3[0m

[0m[1mTS2322 [0m[ERROR]: Type 'unknown' is not assignable to type 'TwoParamsDirectivePattern | null'.
    getDirectivePattern: () => ({
[0m[31m                               ^[0m
    at [0m[36mfile:///Users/tettuan/github/breakdown/lib/validator/0_architecture_parameter_validator_test.ts[0m:[0m[33m243[0m:[0m[33m32[0m

    The expected type comes from the return type of this signature.
      getDirectivePattern(): TwoParamsDirectivePattern | null;
    [0m[36m  ~~~~~~~~~~~~~~~~~~~~~~~~~~~~~~~~~~~~~~~~~~~~~~~~~~~~~~~~[0m
        at [0m[36mfile:///Users/tettuan/github/breakdown/lib/types/type_factory.ts[0m:[0m[33m25[0m:[0m[33m3[0m

[0m[1mTS2322 [0m[ERROR]: Type 'unknown' is not assignable to type 'TwoParamsLayerTypePattern | null'.
    getLayerTypePattern: () => ({
[0m[31m                               ^[0m
    at [0m[36mfile:///Users/tettuan/github/breakdown/lib/validator/0_architecture_parameter_validator_test.ts[0m:[0m[33m249[0m:[0m[33m32[0m

    The expected type comes from the return type of this signature.
      getLayerTypePattern(): TwoParamsLayerTypePattern | null;
    [0m[36m  ~~~~~~~~~~~~~~~~~~~~~~~~~~~~~~~~~~~~~~~~~~~~~~~~~~~~~~~~[0m
        at [0m[36mfile:///Users/tettuan/github/breakdown/lib/types/type_factory.ts[0m:[0m[33m31[0m:[0m[33m3[0m

[0m[1mTS2322 [0m[ERROR]: Type 'unknown' is not assignable to type 'TwoParamsDirectivePattern | null'.
    getDirectivePattern: () => ({
[0m[31m                               ^[0m
    at [0m[36mfile:///Users/tettuan/github/breakdown/lib/validator/1_structure_parameter_validator_test.ts[0m:[0m[33m22[0m:[0m[33m32[0m

    The expected type comes from the return type of this signature.
      getDirectivePattern(): TwoParamsDirectivePattern | null;
    [0m[36m  ~~~~~~~~~~~~~~~~~~~~~~~~~~~~~~~~~~~~~~~~~~~~~~~~~~~~~~~~[0m
        at [0m[36mfile:///Users/tettuan/github/breakdown/lib/types/type_factory.ts[0m:[0m[33m25[0m:[0m[33m3[0m

[0m[1mTS2322 [0m[ERROR]: Type 'unknown' is not assignable to type 'TwoParamsLayerTypePattern | null'.
    getLayerTypePattern: () => ({
[0m[31m                               ^[0m
    at [0m[36mfile:///Users/tettuan/github/breakdown/lib/validator/1_structure_parameter_validator_test.ts[0m:[0m[33m28[0m:[0m[33m32[0m

    The expected type comes from the return type of this signature.
      getLayerTypePattern(): TwoParamsLayerTypePattern | null;
    [0m[36m  ~~~~~~~~~~~~~~~~~~~~~~~~~~~~~~~~~~~~~~~~~~~~~~~~~~~~~~~~[0m
        at [0m[36mfile:///Users/tettuan/github/breakdown/lib/types/type_factory.ts[0m:[0m[33m31[0m:[0m[33m3[0m

[0m[1mTS2322 [0m[ERROR]: Type 'unknown' is not assignable to type 'TwoParamsDirectivePattern | null'.
    getDirectivePattern: () => ({
[0m[31m                               ^[0m
    at [0m[36mfile:///Users/tettuan/github/breakdown/lib/validator/1_structure_parameter_validator_test.ts[0m:[0m[33m80[0m:[0m[33m32[0m

    The expected type comes from the return type of this signature.
      getDirectivePattern(): TwoParamsDirectivePattern | null;
    [0m[36m  ~~~~~~~~~~~~~~~~~~~~~~~~~~~~~~~~~~~~~~~~~~~~~~~~~~~~~~~~[0m
        at [0m[36mfile:///Users/tettuan/github/breakdown/lib/types/type_factory.ts[0m:[0m[33m25[0m:[0m[33m3[0m

[0m[1mTS2322 [0m[ERROR]: Type 'unknown' is not assignable to type 'TwoParamsLayerTypePattern | null'.
    getLayerTypePattern: () => ({
[0m[31m                               ^[0m
    at [0m[36mfile:///Users/tettuan/github/breakdown/lib/validator/1_structure_parameter_validator_test.ts[0m:[0m[33m86[0m:[0m[33m32[0m

    The expected type comes from the return type of this signature.
      getLayerTypePattern(): TwoParamsLayerTypePattern | null;
    [0m[36m  ~~~~~~~~~~~~~~~~~~~~~~~~~~~~~~~~~~~~~~~~~~~~~~~~~~~~~~~~[0m
        at [0m[36mfile:///Users/tettuan/github/breakdown/lib/types/type_factory.ts[0m:[0m[33m31[0m:[0m[33m3[0m

[0m[1mTS2552 [0m[ERROR]: Cannot find name 'OneParamsResult'. Did you mean '_OneParamsResult'?
  const validOneParams: OneParamsResult = {
[0m[31m                        ~~~~~~~~~~~~~~~[0m
    at [0m[36mfile:///Users/tettuan/github/breakdown/lib/validator/1_structure_parameter_validator_test.ts[0m:[0m[33m101[0m:[0m[33m25[0m

[0m[1mTS2552 [0m[ERROR]: Cannot find name 'OneParamsResult'. Did you mean '_OneParamsResult'?
  const invalidResult = validator.validateOneParams(invalidTypeParams as unknown as OneParamsResult);
[0m[31m                                                                                    ~~~~~~~~~~~~~~~[0m
    at [0m[36mfile:///Users/tettuan/github/breakdown/lib/validator/1_structure_parameter_validator_test.ts[0m:[0m[33m126[0m:[0m[33m85[0m

[0m[1mTS2322 [0m[ERROR]: Type 'unknown' is not assignable to type 'TwoParamsDirectivePattern | null'.
    getDirectivePattern: () => ({
[0m[31m                               ^[0m
    at [0m[36mfile:///Users/tettuan/github/breakdown/lib/validator/1_structure_parameter_validator_test.ts[0m:[0m[33m145[0m:[0m[33m32[0m

    The expected type comes from the return type of this signature.
      getDirectivePattern(): TwoParamsDirectivePattern | null;
    [0m[36m  ~~~~~~~~~~~~~~~~~~~~~~~~~~~~~~~~~~~~~~~~~~~~~~~~~~~~~~~~[0m
        at [0m[36mfile:///Users/tettuan/github/breakdown/lib/types/type_factory.ts[0m:[0m[33m25[0m:[0m[33m3[0m

[0m[1mTS2322 [0m[ERROR]: Type 'unknown' is not assignable to type 'TwoParamsLayerTypePattern | null'.
    getLayerTypePattern: () => ({
[0m[31m                               ^[0m
    at [0m[36mfile:///Users/tettuan/github/breakdown/lib/validator/1_structure_parameter_validator_test.ts[0m:[0m[33m151[0m:[0m[33m32[0m

    The expected type comes from the return type of this signature.
      getLayerTypePattern(): TwoParamsLayerTypePattern | null;
    [0m[36m  ~~~~~~~~~~~~~~~~~~~~~~~~~~~~~~~~~~~~~~~~~~~~~~~~~~~~~~~~[0m
        at [0m[36mfile:///Users/tettuan/github/breakdown/lib/types/type_factory.ts[0m:[0m[33m31[0m:[0m[33m3[0m

[0m[1mTS2552 [0m[ERROR]: Cannot find name 'ZeroParamsResult'. Did you mean '_ZeroParamsResult'?
  const validZeroParams: ZeroParamsResult = {
[0m[31m                         ~~~~~~~~~~~~~~~~[0m
    at [0m[36mfile:///Users/tettuan/github/breakdown/lib/validator/1_structure_parameter_validator_test.ts[0m:[0m[33m166[0m:[0m[33m26[0m

[0m[1mTS2552 [0m[ERROR]: Cannot find name 'ZeroParamsResult'. Did you mean '_ZeroParamsResult'?
  const invalidResult = validator.validateZeroParams(invalidTypeParams as unknown as ZeroParamsResult);
[0m[31m                                                                                     ~~~~~~~~~~~~~~~~[0m
    at [0m[36mfile:///Users/tettuan/github/breakdown/lib/validator/1_structure_parameter_validator_test.ts[0m:[0m[33m189[0m:[0m[33m86[0m

[0m[1mTS2322 [0m[ERROR]: Type 'unknown' is not assignable to type 'TwoParamsDirectivePattern | null'.
    getDirectivePattern: () => ({
[0m[31m                               ^[0m
    at [0m[36mfile:///Users/tettuan/github/breakdown/lib/validator/1_structure_parameter_validator_test.ts[0m:[0m[33m208[0m:[0m[33m32[0m

    The expected type comes from the return type of this signature.
      getDirectivePattern(): TwoParamsDirectivePattern | null;
    [0m[36m  ~~~~~~~~~~~~~~~~~~~~~~~~~~~~~~~~~~~~~~~~~~~~~~~~~~~~~~~~[0m
        at [0m[36mfile:///Users/tettuan/github/breakdown/lib/types/type_factory.ts[0m:[0m[33m25[0m:[0m[33m3[0m

[0m[1mTS2322 [0m[ERROR]: Type 'unknown' is not assignable to type 'TwoParamsLayerTypePattern | null'.
    getLayerTypePattern: () => ({
[0m[31m                               ^[0m
    at [0m[36mfile:///Users/tettuan/github/breakdown/lib/validator/1_structure_parameter_validator_test.ts[0m:[0m[33m214[0m:[0m[33m32[0m

    The expected type comes from the return type of this signature.
      getLayerTypePattern(): TwoParamsLayerTypePattern | null;
    [0m[36m  ~~~~~~~~~~~~~~~~~~~~~~~~~~~~~~~~~~~~~~~~~~~~~~~~~~~~~~~~[0m
        at [0m[36mfile:///Users/tettuan/github/breakdown/lib/types/type_factory.ts[0m:[0m[33m31[0m:[0m[33m3[0m

[0m[1mTS2322 [0m[ERROR]: Type 'unknown' is not assignable to type 'TwoParamsLayerTypePattern | null'.
    getLayerTypePattern: () => ({
[0m[31m                               ^[0m
    at [0m[36mfile:///Users/tettuan/github/breakdown/lib/validator/1_structure_parameter_validator_test.ts[0m:[0m[33m274[0m:[0m[33m32[0m

    The expected type comes from the return type of this signature.
      getLayerTypePattern(): TwoParamsLayerTypePattern | null;
    [0m[36m  ~~~~~~~~~~~~~~~~~~~~~~~~~~~~~~~~~~~~~~~~~~~~~~~~~~~~~~~~[0m
        at [0m[36mfile:///Users/tettuan/github/breakdown/lib/types/type_factory.ts[0m:[0m[33m31[0m:[0m[33m3[0m

[0m[1mTS2322 [0m[ERROR]: Type 'unknown' is not assignable to type 'TwoParamsDirectivePattern | null'.
    getDirectivePattern: () => ({
[0m[31m                               ^[0m
    at [0m[36mfile:///Users/tettuan/github/breakdown/lib/validator/1_structure_parameter_validator_test.ts[0m:[0m[33m337[0m:[0m[33m32[0m

    The expected type comes from the return type of this signature.
      getDirectivePattern(): TwoParamsDirectivePattern | null;
    [0m[36m  ~~~~~~~~~~~~~~~~~~~~~~~~~~~~~~~~~~~~~~~~~~~~~~~~~~~~~~~~[0m
        at [0m[36mfile:///Users/tettuan/github/breakdown/lib/types/type_factory.ts[0m:[0m[33m25[0m:[0m[33m3[0m

[0m[1mTS2322 [0m[ERROR]: Type 'unknown' is not assignable to type 'TwoParamsLayerTypePattern | null'.
    getLayerTypePattern: () => ({
[0m[31m                               ^[0m
    at [0m[36mfile:///Users/tettuan/github/breakdown/lib/validator/1_structure_parameter_validator_test.ts[0m:[0m[33m343[0m:[0m[33m32[0m

    The expected type comes from the return type of this signature.
      getLayerTypePattern(): TwoParamsLayerTypePattern | null;
    [0m[36m  ~~~~~~~~~~~~~~~~~~~~~~~~~~~~~~~~~~~~~~~~~~~~~~~~~~~~~~~~[0m
        at [0m[36mfile:///Users/tettuan/github/breakdown/lib/types/type_factory.ts[0m:[0m[33m31[0m:[0m[33m3[0m

[0m[1mTS2322 [0m[ERROR]: Type 'unknown' is not assignable to type 'TwoParamsDirectivePattern | null'.
    getDirectivePattern: () => ({
[0m[31m                               ^[0m
    at [0m[36mfile:///Users/tettuan/github/breakdown/lib/validator/1_structure_parameter_validator_test.ts[0m:[0m[33m407[0m:[0m[33m32[0m

    The expected type comes from the return type of this signature.
      getDirectivePattern(): TwoParamsDirectivePattern | null;
    [0m[36m  ~~~~~~~~~~~~~~~~~~~~~~~~~~~~~~~~~~~~~~~~~~~~~~~~~~~~~~~~[0m
        at [0m[36mfile:///Users/tettuan/github/breakdown/lib/types/type_factory.ts[0m:[0m[33m25[0m:[0m[33m3[0m

[0m[1mTS2322 [0m[ERROR]: Type 'unknown' is not assignable to type 'TwoParamsLayerTypePattern | null'.
    getLayerTypePattern: () => ({
[0m[31m                               ^[0m
    at [0m[36mfile:///Users/tettuan/github/breakdown/lib/validator/1_structure_parameter_validator_test.ts[0m:[0m[33m413[0m:[0m[33m32[0m

    The expected type comes from the return type of this signature.
      getLayerTypePattern(): TwoParamsLayerTypePattern | null;
    [0m[36m  ~~~~~~~~~~~~~~~~~~~~~~~~~~~~~~~~~~~~~~~~~~~~~~~~~~~~~~~~[0m
        at [0m[36mfile:///Users/tettuan/github/breakdown/lib/types/type_factory.ts[0m:[0m[33m31[0m:[0m[33m3[0m

[0m[1mTS2322 [0m[ERROR]: Type 'unknown' is not assignable to type 'TwoParamsDirectivePattern | null'.
    getDirectivePattern: () => ({
[0m[31m                               ^[0m
    at [0m[36mfile:///Users/tettuan/github/breakdown/lib/validator/1_structure_parameter_validator_test.ts[0m:[0m[33m489[0m:[0m[33m32[0m

    The expected type comes from the return type of this signature.
      getDirectivePattern(): TwoParamsDirectivePattern | null;
    [0m[36m  ~~~~~~~~~~~~~~~~~~~~~~~~~~~~~~~~~~~~~~~~~~~~~~~~~~~~~~~~[0m
        at [0m[36mfile:///Users/tettuan/github/breakdown/lib/types/type_factory.ts[0m:[0m[33m25[0m:[0m[33m3[0m

[0m[1mTS2322 [0m[ERROR]: Type 'unknown' is not assignable to type 'TwoParamsLayerTypePattern | null'.
    getLayerTypePattern: () => ({
[0m[31m                               ^[0m
    at [0m[36mfile:///Users/tettuan/github/breakdown/lib/validator/1_structure_parameter_validator_test.ts[0m:[0m[33m495[0m:[0m[33m32[0m

    The expected type comes from the return type of this signature.
      getLayerTypePattern(): TwoParamsLayerTypePattern | null;
    [0m[36m  ~~~~~~~~~~~~~~~~~~~~~~~~~~~~~~~~~~~~~~~~~~~~~~~~~~~~~~~~[0m
        at [0m[36mfile:///Users/tettuan/github/breakdown/lib/types/type_factory.ts[0m:[0m[33m31[0m:[0m[33m3[0m

[0m[1mTS2552 [0m[ERROR]: Cannot find name 'OneParamsResult'. Did you mean '_OneParamsResult'?
      result = validator.validateOneParams(testCase.params as unknown as OneParamsResult);
[0m[31m                                                                         ~~~~~~~~~~~~~~~[0m
    at [0m[36mfile:///Users/tettuan/github/breakdown/lib/validator/1_structure_parameter_validator_test.ts[0m:[0m[33m548[0m:[0m[33m74[0m

[0m[1mTS2552 [0m[ERROR]: Cannot find name 'ZeroParamsResult'. Did you mean '_ZeroParamsResult'?
      result = validator.validateZeroParams(testCase.params as ZeroParamsResult);
[0m[31m                                                               ~~~~~~~~~~~~~~~~[0m
    at [0m[36mfile:///Users/tettuan/github/breakdown/lib/validator/1_structure_parameter_validator_test.ts[0m:[0m[33m550[0m:[0m[33m64[0m

[0m[1mTS2304 [0m[ERROR]: Cannot find name 'WorkspacePathResolver'.
    const pathResolver = {} as WorkspacePathResolver;
[0m[31m                               ~~~~~~~~~~~~~~~~~~~~~[0m
    at [0m[36mfile:///Users/tettuan/github/breakdown/lib/workspace/0_architecture_interfaces_test.ts[0m:[0m[33m117[0m:[0m[33m32[0m

[0m[1mTS2304 [0m[ERROR]: Cannot find name 'Workspace'.
    const workspace = {} as Workspace;
[0m[31m                            ~~~~~~~~~[0m
    at [0m[36mfile:///Users/tettuan/github/breakdown/lib/workspace/0_architecture_interfaces_test.ts[0m:[0m[33m124[0m:[0m[33m29[0m

[0m[1mTS2304 [0m[ERROR]: Cannot find name 'WorkspaceConfig'.
    const config: WorkspaceConfig = {
[0m[31m                  ~~~~~~~~~~~~~~~[0m
    at [0m[36mfile:///Users/tettuan/github/breakdown/lib/workspace/0_architecture_interfaces_test.ts[0m:[0m[33m138[0m:[0m[33m19[0m

[0m[1mTS2304 [0m[ERROR]: Cannot find name 'WorkspaceErrorHandler'.
    const errorHandler = {} as WorkspaceErrorHandler;
[0m[31m                               ~~~~~~~~~~~~~~~~~~~~~[0m
    at [0m[36mfile:///Users/tettuan/github/breakdown/lib/workspace/0_architecture_interfaces_test.ts[0m:[0m[33m157[0m:[0m[33m32[0m

[0m[1mTS2304 [0m[ERROR]: Cannot find name 'WorkspaceEventEmitter'.
    const eventEmitter = {} as WorkspaceEventEmitter;
[0m[31m                               ~~~~~~~~~~~~~~~~~~~~~[0m
    at [0m[36mfile:///Users/tettuan/github/breakdown/lib/workspace/0_architecture_interfaces_test.ts[0m:[0m[33m172[0m:[0m[33m32[0m

[0m[1mTS2304 [0m[ERROR]: Cannot find name 'PathResolutionStrategy'.
    const pathStrategy = {} as PathResolutionStrategy;
[0m[31m                               ~~~~~~~~~~~~~~~~~~~~~~[0m
    at [0m[36mfile:///Users/tettuan/github/breakdown/lib/workspace/0_architecture_interfaces_test.ts[0m:[0m[33m186[0m:[0m[33m32[0m

[0m[1mTS2304 [0m[ERROR]: Cannot find name 'WorkspacePathResolver'.
    const pathResolver = {} as WorkspacePathResolver;
[0m[31m                               ~~~~~~~~~~~~~~~~~~~~~[0m
    at [0m[36mfile:///Users/tettuan/github/breakdown/lib/workspace/0_architecture_interfaces_test.ts[0m:[0m[33m203[0m:[0m[33m32[0m

[0m[1mTS2304 [0m[ERROR]: Cannot find name 'Workspace'.
    const workspace = {} as Workspace;
[0m[31m                            ~~~~~~~~~[0m
    at [0m[36mfile:///Users/tettuan/github/breakdown/lib/workspace/0_architecture_interfaces_test.ts[0m:[0m[33m221[0m:[0m[33m29[0m

[0m[1mTS2304 [0m[ERROR]: Cannot find name 'Workspace'.
    const workspace = {} as Workspace;
[0m[31m                            ~~~~~~~~~[0m
    at [0m[36mfile:///Users/tettuan/github/breakdown/lib/workspace/0_architecture_interfaces_test.ts[0m:[0m[33m240[0m:[0m[33m29[0m

[0m[1mTS2304 [0m[ERROR]: Cannot find name 'WorkspaceStructure'.
    const structure = {} as WorkspaceStructure;
[0m[31m                            ~~~~~~~~~~~~~~~~~~[0m
    at [0m[36mfile:///Users/tettuan/github/breakdown/lib/workspace/0_architecture_interfaces_test.ts[0m:[0m[33m243[0m:[0m[33m29[0m

[0m[1mTS2304 [0m[ERROR]: Cannot find name 'WorkspaceConfigManager'.
    const configManager = {} as WorkspaceConfigManager;
[0m[31m                                ~~~~~~~~~~~~~~~~~~~~~~[0m
    at [0m[36mfile:///Users/tettuan/github/breakdown/lib/workspace/0_architecture_interfaces_test.ts[0m:[0m[33m246[0m:[0m[33m33[0m

[0m[1mTS2304 [0m[ERROR]: Cannot find name 'WorkspaceStructure'.
    const structure = {} as WorkspaceStructure;
[0m[31m                            ~~~~~~~~~~~~~~~~~~[0m
    at [0m[36mfile:///Users/tettuan/github/breakdown/lib/workspace/0_architecture_interfaces_test.ts[0m:[0m[33m258[0m:[0m[33m29[0m

[0m[1mTS2304 [0m[ERROR]: Cannot find name 'WorkspaceConfigManager'.
    const configManager = {} as WorkspaceConfigManager;
[0m[31m                                ~~~~~~~~~~~~~~~~~~~~~~[0m
    at [0m[36mfile:///Users/tettuan/github/breakdown/lib/workspace/0_architecture_interfaces_test.ts[0m:[0m[33m265[0m:[0m[33m33[0m

[0m[1mTS2304 [0m[ERROR]: Cannot find name 'PathResolutionStrategy'.
    const strategy = {} as PathResolutionStrategy;
[0m[31m                           ~~~~~~~~~~~~~~~~~~~~~~[0m
    at [0m[36mfile:///Users/tettuan/github/breakdown/lib/workspace/0_architecture_interfaces_test.ts[0m:[0m[33m280[0m:[0m[33m28[0m

[0m[1mTS2304 [0m[ERROR]: Cannot find name 'WorkspacePathResolver'.
    const pathResolver = {} as WorkspacePathResolver;
[0m[31m                               ~~~~~~~~~~~~~~~~~~~~~[0m
    at [0m[36mfile:///Users/tettuan/github/breakdown/lib/workspace/0_architecture_interfaces_test.ts[0m:[0m[33m296[0m:[0m[33m32[0m

[0m[1mTS2304 [0m[ERROR]: Cannot find name 'WorkspaceConfig'.
    const config: WorkspaceConfig = {
[0m[31m                  ~~~~~~~~~~~~~~~[0m
    at [0m[36mfile:///Users/tettuan/github/breakdown/lib/workspace/0_architecture_interfaces_test.ts[0m:[0m[33m315[0m:[0m[33m19[0m

[0m[1mTS2304 [0m[ERROR]: Cannot find name 'WorkspaceConfig'.
      Object.keys(config).every(key => typeof config[key as keyof WorkspaceConfig] === "string"),
[0m[31m                                                                  ~~~~~~~~~~~~~~~[0m
    at [0m[36mfile:///Users/tettuan/github/breakdown/lib/workspace/0_architecture_interfaces_test.ts[0m:[0m[33m323[0m:[0m[33m67[0m

[0m[1mTS2304 [0m[ERROR]: Cannot find name 'WorkspaceEventEmitter'.
    const eventEmitter = {} as WorkspaceEventEmitter;
[0m[31m                               ~~~~~~~~~~~~~~~~~~~~~[0m
    at [0m[36mfile:///Users/tettuan/github/breakdown/lib/workspace/0_architecture_interfaces_test.ts[0m:[0m[33m333[0m:[0m[33m32[0m

[0m[1mTS2304 [0m[ERROR]: Cannot find name 'WorkspaceConfigManager'.
    const configManager = {} as WorkspaceConfigManager;
[0m[31m                                ~~~~~~~~~~~~~~~~~~~~~~[0m
    at [0m[36mfile:///Users/tettuan/github/breakdown/lib/workspace/0_architecture_interfaces_test.ts[0m:[0m[33m340[0m:[0m[33m33[0m

[0m[1mTS2339 [0m[ERROR]: Property 'WorkspaceInitializationError' does not exist on type 'typeof import("file:///Users/tettuan/github/breakdown/lib/workspace/mod.ts")'.
    assertExists(mod.WorkspaceInitializationError);
[0m[31m                     ~~~~~~~~~~~~~~~~~~~~~~~~~~~~[0m
    at [0m[36mfile:///Users/tettuan/github/breakdown/lib/workspace/0_architecture_mod_test.ts[0m:[0m[33m46[0m:[0m[33m22[0m

[0m[1mTS2339 [0m[ERROR]: Property 'WorkspaceValidationError' does not exist on type 'typeof import("file:///Users/tettuan/github/breakdown/lib/workspace/mod.ts")'.
    assertExists(mod.WorkspaceValidationError);
[0m[31m                     ~~~~~~~~~~~~~~~~~~~~~~~~[0m
    at [0m[36mfile:///Users/tettuan/github/breakdown/lib/workspace/0_architecture_mod_test.ts[0m:[0m[33m47[0m:[0m[33m22[0m

[0m[1mTS2551 [0m[ERROR]: Property 'initializeWorkspace' does not exist on type 'typeof import("file:///Users/tettuan/github/breakdown/lib/workspace/mod.ts")'. Did you mean 'initWorkspace'?
    assertExists(mod.initializeWorkspace);
[0m[31m                     ~~~~~~~~~~~~~~~~~~~[0m
    at [0m[36mfile:///Users/tettuan/github/breakdown/lib/workspace/0_architecture_mod_test.ts[0m:[0m[33m58[0m:[0m[33m22[0m

    'initWorkspace' is declared here.
    export async function initWorkspace(
    [0m[36m                      ~~~~~~~~~~~~~[0m
        at [0m[36mfile:///Users/tettuan/github/breakdown/lib/workspace/workspace.ts[0m:[0m[33m285[0m:[0m[33m23[0m

[0m[1mTS2339 [0m[ERROR]: Property 'validateWorkspaceStructure' does not exist on type 'typeof import("file:///Users/tettuan/github/breakdown/lib/workspace/mod.ts")'.
    assertExists(mod.validateWorkspaceStructure);
[0m[31m                     ~~~~~~~~~~~~~~~~~~~~~~~~~~[0m
    at [0m[36mfile:///Users/tettuan/github/breakdown/lib/workspace/0_architecture_mod_test.ts[0m:[0m[33m59[0m:[0m[33m22[0m

[0m[1mTS7053 [0m[ERROR]: Element implicitly has an 'any' type because expression of type 'string' can't be used to index type 'typeof import("file:///Users/tettuan/github/breakdown/lib/workspace/mod.ts")'.
  No index signature with a parameter of type 'string' was found on type 'typeof import("file:///Users/tettuan/github/breakdown/lib/workspace/mod.ts")'.
      assertExists(mod[exportName], `Missing essential export: ${exportName}`);
[0m[31m                   ~~~~~~~~~~~~~~~[0m
    at [0m[36mfile:///Users/tettuan/github/breakdown/lib/workspace/0_architecture_mod_test.ts[0m:[0m[33m138[0m:[0m[33m20[0m

[0m[1mTS2304 [0m[ERROR]: Cannot find name 'WorkspaceInitError'.
        new WorkspaceInitError("init test"),
[0m[31m            ~~~~~~~~~~~~~~~~~~[0m
    at [0m[36mfile:///Users/tettuan/github/breakdown/lib/workspace/1_structure_errors_test.ts[0m:[0m[33m150[0m:[0m[33m13[0m

[0m[1mTS2304 [0m[ERROR]: Cannot find name 'WorkspaceConfigError'.
        new WorkspaceConfigError("config test"),
[0m[31m            ~~~~~~~~~~~~~~~~~~~~[0m
    at [0m[36mfile:///Users/tettuan/github/breakdown/lib/workspace/1_structure_errors_test.ts[0m:[0m[33m151[0m:[0m[33m13[0m

[0m[1mTS2304 [0m[ERROR]: Cannot find name 'WorkspacePathError'.
        new WorkspacePathError("path test"),
[0m[31m            ~~~~~~~~~~~~~~~~~~[0m
    at [0m[36mfile:///Users/tettuan/github/breakdown/lib/workspace/1_structure_errors_test.ts[0m:[0m[33m152[0m:[0m[33m13[0m

[0m[1mTS2304 [0m[ERROR]: Cannot find name 'WorkspaceDirectoryError'.
        new WorkspaceDirectoryError("directory test")
[0m[31m            ~~~~~~~~~~~~~~~~~~~~~~~[0m
    at [0m[36mfile:///Users/tettuan/github/breakdown/lib/workspace/1_structure_errors_test.ts[0m:[0m[33m153[0m:[0m[33m13[0m

[0m[1mTS2304 [0m[ERROR]: Cannot find name 'WorkspaceInitError'.
        WorkspaceInitError,
[0m[31m        ~~~~~~~~~~~~~~~~~~[0m
    at [0m[36mfile:///Users/tettuan/github/breakdown/lib/workspace/1_structure_errors_test.ts[0m:[0m[33m188[0m:[0m[33m9[0m

[0m[1mTS2304 [0m[ERROR]: Cannot find name 'WorkspaceConfigError'.
        WorkspaceConfigError,
[0m[31m        ~~~~~~~~~~~~~~~~~~~~[0m
    at [0m[36mfile:///Users/tettuan/github/breakdown/lib/workspace/1_structure_errors_test.ts[0m:[0m[33m189[0m:[0m[33m9[0m

[0m[1mTS2304 [0m[ERROR]: Cannot find name 'WorkspacePathError'.
        WorkspacePathError,
[0m[31m        ~~~~~~~~~~~~~~~~~~[0m
    at [0m[36mfile:///Users/tettuan/github/breakdown/lib/workspace/1_structure_errors_test.ts[0m:[0m[33m190[0m:[0m[33m9[0m

[0m[1mTS2304 [0m[ERROR]: Cannot find name 'WorkspaceDirectoryError'.
        WorkspaceDirectoryError
[0m[31m        ~~~~~~~~~~~~~~~~~~~~~~~[0m
    at [0m[36mfile:///Users/tettuan/github/breakdown/lib/workspace/1_structure_errors_test.ts[0m:[0m[33m191[0m:[0m[33m9[0m

[0m[1mTS2304 [0m[ERROR]: Cannot find name 'WorkspaceError'.
      const baseError = new WorkspaceError("test", "TEST_CODE");
[0m[31m                            ~~~~~~~~~~~~~~[0m
    at [0m[36mfile:///Users/tettuan/github/breakdown/lib/workspace/1_structure_errors_test.ts[0m:[0m[33m229[0m:[0m[33m29[0m

[0m[1mTS2304 [0m[ERROR]: Cannot find name 'WorkspaceInitError'.
        { error: new WorkspaceInitError("test"), expectedCode: "WORKSPACE_INIT_ERROR" },
[0m[31m                     ~~~~~~~~~~~~~~~~~~[0m
    at [0m[36mfile:///Users/tettuan/github/breakdown/lib/workspace/1_structure_errors_test.ts[0m:[0m[33m238[0m:[0m[33m22[0m

[0m[1mTS2304 [0m[ERROR]: Cannot find name 'WorkspaceConfigError'.
        { error: new WorkspaceConfigError("test"), expectedCode: "WORKSPACE_CONFIG_ERROR" },
[0m[31m                     ~~~~~~~~~~~~~~~~~~~~[0m
    at [0m[36mfile:///Users/tettuan/github/breakdown/lib/workspace/1_structure_errors_test.ts[0m:[0m[33m239[0m:[0m[33m22[0m

[0m[1mTS2304 [0m[ERROR]: Cannot find name 'WorkspacePathError'.
        { error: new WorkspacePathError("test"), expectedCode: "WORKSPACE_PATH_ERROR" },
[0m[31m                     ~~~~~~~~~~~~~~~~~~[0m
    at [0m[36mfile:///Users/tettuan/github/breakdown/lib/workspace/1_structure_errors_test.ts[0m:[0m[33m240[0m:[0m[33m22[0m

[0m[1mTS2304 [0m[ERROR]: Cannot find name 'WorkspaceDirectoryError'.
        { error: new WorkspaceDirectoryError("test"), expectedCode: "WORKSPACE_DIRECTORY_ERROR" }
[0m[31m                     ~~~~~~~~~~~~~~~~~~~~~~~[0m
    at [0m[36mfile:///Users/tettuan/github/breakdown/lib/workspace/1_structure_errors_test.ts[0m:[0m[33m241[0m:[0m[33m22[0m

[0m[1mTS2304 [0m[ERROR]: Cannot find name 'WorkspaceInitError'.
          error: new WorkspaceInitError("Failed to initialize"),
[0m[31m                     ~~~~~~~~~~~~~~~~~~[0m
    at [0m[36mfile:///Users/tettuan/github/breakdown/lib/workspace/1_structure_errors_test.ts[0m:[0m[33m270[0m:[0m[33m22[0m

[0m[1mTS2304 [0m[ERROR]: Cannot find name 'WorkspaceConfigError'.
          error: new WorkspaceConfigError("Invalid config"),
[0m[31m                     ~~~~~~~~~~~~~~~~~~~~[0m
    at [0m[36mfile:///Users/tettuan/github/breakdown/lib/workspace/1_structure_errors_test.ts[0m:[0m[33m275[0m:[0m[33m22[0m

[0m[1mTS2304 [0m[ERROR]: Cannot find name 'WorkspacePathError'.
          error: new WorkspacePathError("Invalid path"),
[0m[31m                     ~~~~~~~~~~~~~~~~~~[0m
    at [0m[36mfile:///Users/tettuan/github/breakdown/lib/workspace/1_structure_errors_test.ts[0m:[0m[33m280[0m:[0m[33m22[0m

[0m[1mTS2339 [0m[ERROR]: Property 'WorkspaceConfig' does not exist on type 'typeof import("file:///Users/tettuan/github/breakdown/lib/workspace/interfaces.ts")'.
  const { WorkspaceConfig: _WorkspaceConfig } = await import("./interfaces.ts");
[0m[31m          ~~~~~~~~~~~~~~~[0m
    at [0m[36mfile:///Users/tettuan/github/breakdown/lib/workspace/1_structure_interfaces_test.ts[0m:[0m[33m18[0m:[0m[33m11[0m

[0m[1mTS2304 [0m[ERROR]: Cannot find name 'WorkspaceConfig'.
    const config: WorkspaceConfig = {
[0m[31m                  ~~~~~~~~~~~~~~~[0m
    at [0m[36mfile:///Users/tettuan/github/breakdown/lib/workspace/1_structure_interfaces_test.ts[0m:[0m[33m60[0m:[0m[33m19[0m

[0m[1mTS2578 [0m[ERROR]: Unused '@ts-expect-error' directive.
      // @ts-expect-error - Additional properties not allowed
[0m[31m      ~~~~~~~~~~~~~~~~~~~~~~~~~~~~~~~~~~~~~~~~~~~~~~~~~~~~~~~[0m
    at [0m[36mfile:///Users/tettuan/github/breakdown/lib/workspace/1_structure_interfaces_test.ts[0m:[0m[33m64[0m:[0m[33m7[0m

[0m[1mTS2304 [0m[ERROR]: Cannot find name 'WorkspaceConfig'.
    const absoluteConfig: WorkspaceConfig = {
[0m[31m                          ~~~~~~~~~~~~~~~[0m
    at [0m[36mfile:///Users/tettuan/github/breakdown/lib/workspace/1_structure_interfaces_test.ts[0m:[0m[33m80[0m:[0m[33m27[0m

[0m[1mTS2304 [0m[ERROR]: Cannot find name 'WorkspaceConfig'.
    const relativeConfig: WorkspaceConfig = {
[0m[31m                          ~~~~~~~~~~~~~~~[0m
    at [0m[36mfile:///Users/tettuan/github/breakdown/lib/workspace/1_structure_interfaces_test.ts[0m:[0m[33m87[0m:[0m[33m27[0m

[0m[1mTS2304 [0m[ERROR]: Cannot find name 'PathResolutionStrategy'.
    const strategy: PathResolutionStrategy = {
[0m[31m                    ~~~~~~~~~~~~~~~~~~~~~~[0m
    at [0m[36mfile:///Users/tettuan/github/breakdown/lib/workspace/1_structure_interfaces_test.ts[0m:[0m[33m106[0m:[0m[33m21[0m

[0m[1mTS2304 [0m[ERROR]: Cannot find name 'PathResolutionStrategy'.
    const strategy: PathResolutionStrategy = {
[0m[31m                    ~~~~~~~~~~~~~~~~~~~~~~[0m
    at [0m[36mfile:///Users/tettuan/github/breakdown/lib/workspace/1_structure_interfaces_test.ts[0m:[0m[33m132[0m:[0m[33m21[0m

[0m[1mTS7006 [0m[ERROR]: Parameter 'result' implicitly has an 'any' type.
    strategy.resolve("test").then(result => {
[0m[31m                                  ~~~~~~[0m
    at [0m[36mfile:///Users/tettuan/github/breakdown/lib/workspace/1_structure_interfaces_test.ts[0m:[0m[33m140[0m:[0m[33m35[0m

[0m[1mTS7006 [0m[ERROR]: Parameter 'result' implicitly has an 'any' type.
    strategy.normalize("test").then(result => {
[0m[31m                                    ~~~~~~[0m
    at [0m[36mfile:///Users/tettuan/github/breakdown/lib/workspace/1_structure_interfaces_test.ts[0m:[0m[33m144[0m:[0m[33m37[0m

[0m[1mTS7006 [0m[ERROR]: Parameter 'result' implicitly has an 'any' type.
    strategy.validate("test").then(result => {
[0m[31m                                   ~~~~~~[0m
    at [0m[36mfile:///Users/tettuan/github/breakdown/lib/workspace/1_structure_interfaces_test.ts[0m:[0m[33m148[0m:[0m[33m36[0m

[0m[1mTS2304 [0m[ERROR]: Cannot find name 'WorkspaceStructure'.
    const structure: WorkspaceStructure = {
[0m[31m                     ~~~~~~~~~~~~~~~~~~[0m
    at [0m[36mfile:///Users/tettuan/github/breakdown/lib/workspace/1_structure_interfaces_test.ts[0m:[0m[33m160[0m:[0m[33m22[0m

[0m[1mTS2304 [0m[ERROR]: Cannot find name 'WorkspaceStructure'.
    const structure: WorkspaceStructure = {
[0m[31m                     ~~~~~~~~~~~~~~~~~~[0m
    at [0m[36mfile:///Users/tettuan/github/breakdown/lib/workspace/1_structure_interfaces_test.ts[0m:[0m[33m179[0m:[0m[33m22[0m

[0m[1mTS2304 [0m[ERROR]: Cannot find name 'WorkspaceStructure'.
    const structure: WorkspaceStructure = {
[0m[31m                     ~~~~~~~~~~~~~~~~~~[0m
    at [0m[36mfile:///Users/tettuan/github/breakdown/lib/workspace/1_structure_interfaces_test.ts[0m:[0m[33m198[0m:[0m[33m22[0m

[0m[1mTS7006 [0m[ERROR]: Parameter 'result' implicitly has an 'any' type.
    structure.initialize().then(result => {
[0m[31m                                ~~~~~~[0m
    at [0m[36mfile:///Users/tettuan/github/breakdown/lib/workspace/1_structure_interfaces_test.ts[0m:[0m[33m207[0m:[0m[33m33[0m

[0m[1mTS7006 [0m[ERROR]: Parameter 'result' implicitly has an 'any' type.
    structure.createDirectory("/test").then(result => {
[0m[31m                                            ~~~~~~[0m
    at [0m[36mfile:///Users/tettuan/github/breakdown/lib/workspace/1_structure_interfaces_test.ts[0m:[0m[33m211[0m:[0m[33m45[0m

[0m[1mTS2304 [0m[ERROR]: Cannot find name 'WorkspaceConfigManager'.
    const configManager: WorkspaceConfigManager = {
[0m[31m                         ~~~~~~~~~~~~~~~~~~~~~~[0m
    at [0m[36mfile:///Users/tettuan/github/breakdown/lib/workspace/1_structure_interfaces_test.ts[0m:[0m[33m223[0m:[0m[33m26[0m

[0m[1mTS2304 [0m[ERROR]: Cannot find name 'WorkspaceConfig'.
      update: (_config: Partial<WorkspaceConfig>) => Promise.resolve(),
[0m[31m                                ~~~~~~~~~~~~~~~[0m
    at [0m[36mfile:///Users/tettuan/github/breakdown/lib/workspace/1_structure_interfaces_test.ts[0m:[0m[33m230[0m:[0m[33m33[0m

[0m[1mTS2304 [0m[ERROR]: Cannot find name 'WorkspaceConfigManager'.
    const configManager: WorkspaceConfigManager = {
[0m[31m                         ~~~~~~~~~~~~~~~~~~~~~~[0m
    at [0m[36mfile:///Users/tettuan/github/breakdown/lib/workspace/1_structure_interfaces_test.ts[0m:[0m[33m244[0m:[0m[33m26[0m

[0m[1mTS2304 [0m[ERROR]: Cannot find name 'WorkspaceConfig'.
      update: async (config: Partial<WorkspaceConfig>) => {
[0m[31m                                     ~~~~~~~~~~~~~~~[0m
    at [0m[36mfile:///Users/tettuan/github/breakdown/lib/workspace/1_structure_interfaces_test.ts[0m:[0m[33m251[0m:[0m[33m38[0m

[0m[1mTS2304 [0m[ERROR]: Cannot find name 'WorkspacePathResolver'.
    const pathResolver: WorkspacePathResolver = {
[0m[31m                        ~~~~~~~~~~~~~~~~~~~~~[0m
    at [0m[36mfile:///Users/tettuan/github/breakdown/lib/workspace/1_structure_interfaces_test.ts[0m:[0m[33m274[0m:[0m[33m25[0m

[0m[1mTS2304 [0m[ERROR]: Cannot find name 'PathResolutionStrategy'.
      updateStrategy: (strategy: PathResolutionStrategy) => {},
[0m[31m                                 ~~~~~~~~~~~~~~~~~~~~~~[0m
    at [0m[36mfile:///Users/tettuan/github/breakdown/lib/workspace/1_structure_interfaces_test.ts[0m:[0m[33m278[0m:[0m[33m34[0m

[0m[1mTS2304 [0m[ERROR]: Cannot find name 'WorkspacePathResolver'.
    const pathResolver: WorkspacePathResolver = {
[0m[31m                        ~~~~~~~~~~~~~~~~~~~~~[0m
    at [0m[36mfile:///Users/tettuan/github/breakdown/lib/workspace/1_structure_interfaces_test.ts[0m:[0m[33m293[0m:[0m[33m25[0m

[0m[1mTS2304 [0m[ERROR]: Cannot find name 'PathResolutionStrategy'.
      updateStrategy: (strategy: PathResolutionStrategy) => {
[0m[31m                                 ~~~~~~~~~~~~~~~~~~~~~~[0m
    at [0m[36mfile:///Users/tettuan/github/breakdown/lib/workspace/1_structure_interfaces_test.ts[0m:[0m[33m297[0m:[0m[33m34[0m

[0m[1mTS2304 [0m[ERROR]: Cannot find name 'PathResolutionStrategy'.
    const mockStrategy: PathResolutionStrategy = {
[0m[31m                        ~~~~~~~~~~~~~~~~~~~~~~[0m
    at [0m[36mfile:///Users/tettuan/github/breakdown/lib/workspace/1_structure_interfaces_test.ts[0m:[0m[33m303[0m:[0m[33m25[0m

[0m[1mTS7006 [0m[ERROR]: Parameter 'path' implicitly has an 'any' type.
      resolve: (path) => Promise.resolve(path),
[0m[31m                ~~~~[0m
    at [0m[36mfile:///Users/tettuan/github/breakdown/lib/workspace/1_structure_interfaces_test.ts[0m:[0m[33m304[0m:[0m[33m17[0m

[0m[1mTS7006 [0m[ERROR]: Parameter 'path' implicitly has an 'any' type.
      normalize: (path) => Promise.resolve(path),
[0m[31m                  ~~~~[0m
    at [0m[36mfile:///Users/tettuan/github/breakdown/lib/workspace/1_structure_interfaces_test.ts[0m:[0m[33m305[0m:[0m[33m19[0m

[0m[1mTS7006 [0m[ERROR]: Parameter '_path' implicitly has an 'any' type.
      validate: (_path) => Promise.resolve(true),
[0m[31m                 ~~~~~[0m
    at [0m[36mfile:///Users/tettuan/github/breakdown/lib/workspace/1_structure_interfaces_test.ts[0m:[0m[33m306[0m:[0m[33m18[0m

[0m[1mTS2304 [0m[ERROR]: Cannot find name 'WorkspaceErrorHandler'.
    const errorHandler: WorkspaceErrorHandler = {
[0m[31m                        ~~~~~~~~~~~~~~~~~~~~~[0m
    at [0m[36mfile:///Users/tettuan/github/breakdown/lib/workspace/1_structure_interfaces_test.ts[0m:[0m[33m321[0m:[0m[33m25[0m

[0m[1mTS2304 [0m[ERROR]: Cannot find name 'WorkspaceErrorHandler'.
    const errorHandler: WorkspaceErrorHandler = {
[0m[31m                        ~~~~~~~~~~~~~~~~~~~~~[0m
    at [0m[36mfile:///Users/tettuan/github/breakdown/lib/workspace/1_structure_interfaces_test.ts[0m:[0m[33m346[0m:[0m[33m25[0m

[0m[1mTS2304 [0m[ERROR]: Cannot find name 'WorkspaceEventEmitter'.
    const eventEmitter: WorkspaceEventEmitter = {
[0m[31m                        ~~~~~~~~~~~~~~~~~~~~~[0m
    at [0m[36mfile:///Users/tettuan/github/breakdown/lib/workspace/1_structure_interfaces_test.ts[0m:[0m[33m374[0m:[0m[33m25[0m

[0m[1mTS2304 [0m[ERROR]: Cannot find name 'WorkspaceEventEmitter'.
    const eventEmitter: WorkspaceEventEmitter = {
[0m[31m                        ~~~~~~~~~~~~~~~~~~~~~[0m
    at [0m[36mfile:///Users/tettuan/github/breakdown/lib/workspace/1_structure_interfaces_test.ts[0m:[0m[33m394[0m:[0m[33m25[0m

[0m[1mTS7006 [0m[ERROR]: Parameter 'data' implicitly has an 'any' type.
    eventEmitter.on("test", (data) => {
[0m[31m                             ~~~~[0m
    at [0m[36mfile:///Users/tettuan/github/breakdown/lib/workspace/1_structure_interfaces_test.ts[0m:[0m[33m409[0m:[0m[33m30[0m

[0m[1mTS2304 [0m[ERROR]: Cannot find name 'Workspace'.
    const workspace: Workspace = {
[0m[31m                     ~~~~~~~~~[0m
    at [0m[36mfile:///Users/tettuan/github/breakdown/lib/workspace/1_structure_interfaces_test.ts[0m:[0m[33m428[0m:[0m[33m22[0m

[0m[1mTS2304 [0m[ERROR]: Cannot find name 'Workspace'.
    const workspace: Workspace = {
[0m[31m                     ~~~~~~~~~[0m
    at [0m[36mfile:///Users/tettuan/github/breakdown/lib/workspace/1_structure_interfaces_test.ts[0m:[0m[33m461[0m:[0m[33m22[0m

[0m[1mTS2304 [0m[ERROR]: Cannot find name 'Workspace'.
    const workspace = {} as Workspace;
[0m[31m                            ~~~~~~~~~[0m
    at [0m[36mfile:///Users/tettuan/github/breakdown/lib/workspace/1_structure_interfaces_test.ts[0m:[0m[33m496[0m:[0m[33m29[0m

[0m[1mTS2304 [0m[ERROR]: Cannot find name 'WorkspaceStructure'.
    const structure: WorkspaceStructure = {
[0m[31m                     ~~~~~~~~~~~~~~~~~~[0m
    at [0m[36mfile:///Users/tettuan/github/breakdown/lib/workspace/1_structure_interfaces_test.ts[0m:[0m[33m522[0m:[0m[33m22[0m

[0m[1mTS2304 [0m[ERROR]: Cannot find name 'WorkspaceErrorHandler'.
    const errorHandler: WorkspaceErrorHandler = {
[0m[31m                        ~~~~~~~~~~~~~~~~~~~~~[0m
    at [0m[36mfile:///Users/tettuan/github/breakdown/lib/workspace/1_structure_interfaces_test.ts[0m:[0m[33m546[0m:[0m[33m25[0m

[0m[1mTS2304 [0m[ERROR]: Cannot find name 'WorkspaceEventEmitter'.
    const eventEmitter: WorkspaceEventEmitter = {
[0m[31m                        ~~~~~~~~~~~~~~~~~~~~~[0m
    at [0m[36mfile:///Users/tettuan/github/breakdown/lib/workspace/1_structure_interfaces_test.ts[0m:[0m[33m557[0m:[0m[33m25[0m

[0m[1mTS2304 [0m[ERROR]: Cannot find name 'WorkspaceConfig'.
    const config: WorkspaceConfig = {
[0m[31m                  ~~~~~~~~~~~~~~~[0m
    at [0m[36mfile:///Users/tettuan/github/breakdown/lib/workspace/1_structure_interfaces_test.ts[0m:[0m[33m569[0m:[0m[33m19[0m

[0m[1mTS2578 [0m[ERROR]: Unused '@ts-expect-error' directive.
      // @ts-expect-error - No extra properties
[0m[31m      ~~~~~~~~~~~~~~~~~~~~~~~~~~~~~~~~~~~~~~~~~[0m
    at [0m[36mfile:///Users/tettuan/github/breakdown/lib/workspace/1_structure_interfaces_test.ts[0m:[0m[33m573[0m:[0m[33m7[0m

[0m[1mTS2304 [0m[ERROR]: Cannot find name 'WorkspaceConfig'.
    const partialUpdate: Partial<WorkspaceConfig> = {
[0m[31m                                 ~~~~~~~~~~~~~~~[0m
    at [0m[36mfile:///Users/tettuan/github/breakdown/lib/workspace/1_structure_interfaces_test.ts[0m:[0m[33m586[0m:[0m[33m34[0m

[0m[1mTS7053 [0m[ERROR]: Element implicitly has an 'any' type because expression of type 'string' can't be used to index type 'typeof import("file:///Users/tettuan/github/breakdown/lib/workspace/mod.ts")'.
  No index signature with a parameter of type 'string' was found on type 'typeof import("file:///Users/tettuan/github/breakdown/lib/workspace/mod.ts")'.
    const hasErrors = errorRelated.some(name => mod[name] !== undefined);
[0m[31m                                                ~~~~~~~~~[0m
    at [0m[36mfile:///Users/tettuan/github/breakdown/lib/workspace/1_structure_mod_test.ts[0m:[0m[33m37[0m:[0m[33m49[0m

[0m[1mTS7053 [0m[ERROR]: Element implicitly has an 'any' type because expression of type 'string' can't be used to index type 'typeof import("file:///Users/tettuan/github/breakdown/lib/workspace/mod.ts")'.
  No index signature with a parameter of type 'string' was found on type 'typeof import("file:///Users/tettuan/github/breakdown/lib/workspace/mod.ts")'.
    const hasFunctionality = functionalityRelated.some(name => mod[name] !== undefined);
[0m[31m                                                               ~~~~~~~~~[0m
    at [0m[36mfile:///Users/tettuan/github/breakdown/lib/workspace/1_structure_mod_test.ts[0m:[0m[33m38[0m:[0m[33m64[0m

[0m[1mTS7053 [0m[ERROR]: Element implicitly has an 'any' type because expression of type 'string' can't be used to index type 'typeof import("file:///Users/tettuan/github/breakdown/lib/workspace/errors.ts")'.
  No index signature with a parameter of type 'string' was found on type 'typeof import("file:///Users/tettuan/github/breakdown/lib/workspace/errors.ts")'.
      if (key !== "default" && errors[key]?.prototype) {
[0m[31m                               ~~~~~~~~~~~[0m
    at [0m[36mfile:///Users/tettuan/github/breakdown/lib/workspace/1_structure_mod_test.ts[0m:[0m[33m148[0m:[0m[33m32[0m

[0m[1mTS7053 [0m[ERROR]: Element implicitly has an 'any' type because expression of type 'string' can't be used to index type 'typeof import("file:///Users/tettuan/github/breakdown/lib/workspace/errors.ts")'.
  No index signature with a parameter of type 'string' was found on type 'typeof import("file:///Users/tettuan/github/breakdown/lib/workspace/errors.ts")'.
        const isError = errors[key].prototype instanceof Error ||
[0m[31m                        ~~~~~~~~~~~[0m
    at [0m[36mfile:///Users/tettuan/github/breakdown/lib/workspace/1_structure_mod_test.ts[0m:[0m[33m149[0m:[0m[33m25[0m

[0m[1mTS7053 [0m[ERROR]: Element implicitly has an 'any' type because expression of type 'string' can't be used to index type 'typeof import("file:///Users/tettuan/github/breakdown/lib/workspace/errors.ts")'.
  No index signature with a parameter of type 'string' was found on type 'typeof import("file:///Users/tettuan/github/breakdown/lib/workspace/errors.ts")'.
                       errors[key].name.includes("Error");
[0m[31m                       ~~~~~~~~~~~[0m
    at [0m[36mfile:///Users/tettuan/github/breakdown/lib/workspace/1_structure_mod_test.ts[0m:[0m[33m150[0m:[0m[33m24[0m

[0m[1mTS2551 [0m[ERROR]: Property 'initializeWorkspace' does not exist on type 'typeof import("file:///Users/tettuan/github/breakdown/lib/workspace/workspace.ts")'. Did you mean 'initWorkspace'?
    assertEquals(typeof workspace.initializeWorkspace, "function");
[0m[31m                                  ~~~~~~~~~~~~~~~~~~~[0m
    at [0m[36mfile:///Users/tettuan/github/breakdown/lib/workspace/1_structure_mod_test.ts[0m:[0m[33m157[0m:[0m[33m35[0m

    'initWorkspace' is declared here.
    export async function initWorkspace(
    [0m[36m                      ~~~~~~~~~~~~~[0m
        at [0m[36mfile:///Users/tettuan/github/breakdown/lib/workspace/workspace.ts[0m:[0m[33m285[0m:[0m[33m23[0m

[0m[1mTS2304 [0m[ERROR]: Cannot find name 'WorkspaceInitError'.
        const error = new WorkspaceInitError(scenario);
[0m[31m                          ~~~~~~~~~~~~~~~~~~[0m
    at [0m[36mfile:///Users/tettuan/github/breakdown/lib/workspace/2_unit_errors_test.ts[0m:[0m[33m165[0m:[0m[33m27[0m

[0m[1mTS2304 [0m[ERROR]: Cannot find name 'WorkspaceInitError'.
      const initError = new WorkspaceInitError("Init error");
[0m[31m                            ~~~~~~~~~~~~~~~~~~[0m
    at [0m[36mfile:///Users/tettuan/github/breakdown/lib/workspace/2_unit_errors_test.ts[0m:[0m[33m190[0m:[0m[33m29[0m

[0m[1mTS2304 [0m[ERROR]: Cannot find name 'WorkspaceConfigError'.
      const configError = new WorkspaceConfigError("Config error");
[0m[31m                              ~~~~~~~~~~~~~~~~~~~~[0m
    at [0m[36mfile:///Users/tettuan/github/breakdown/lib/workspace/2_unit_errors_test.ts[0m:[0m[33m191[0m:[0m[33m31[0m

[0m[1mTS2304 [0m[ERROR]: Cannot find name 'WorkspaceInitError'.
      assertInstanceOf(initError, WorkspaceInitError);
[0m[31m                                  ~~~~~~~~~~~~~~~~~~[0m
    at [0m[36mfile:///Users/tettuan/github/breakdown/lib/workspace/2_unit_errors_test.ts[0m:[0m[33m194[0m:[0m[33m35[0m

[0m[1mTS2304 [0m[ERROR]: Cannot find name 'WorkspaceError'.
      assertInstanceOf(initError, WorkspaceError);
[0m[31m                                  ~~~~~~~~~~~~~~[0m
    at [0m[36mfile:///Users/tettuan/github/breakdown/lib/workspace/2_unit_errors_test.ts[0m:[0m[33m195[0m:[0m[33m35[0m

[0m[1mTS2304 [0m[ERROR]: Cannot find name 'WorkspaceConfigError'.
      assertEquals(initError instanceof WorkspaceConfigError, false);
[0m[31m                                        ~~~~~~~~~~~~~~~~~~~~[0m
    at [0m[36mfile:///Users/tettuan/github/breakdown/lib/workspace/2_unit_errors_test.ts[0m:[0m[33m198[0m:[0m[33m41[0m

[0m[1mTS2304 [0m[ERROR]: Cannot find name 'WorkspacePathError'.
      assertEquals(initError instanceof WorkspacePathError, false);
[0m[31m                                        ~~~~~~~~~~~~~~~~~~[0m
    at [0m[36mfile:///Users/tettuan/github/breakdown/lib/workspace/2_unit_errors_test.ts[0m:[0m[33m199[0m:[0m[33m41[0m

[0m[1mTS2304 [0m[ERROR]: Cannot find name 'WorkspaceDirectoryError'.
      assertEquals(initError instanceof WorkspaceDirectoryError, false);
[0m[31m                                        ~~~~~~~~~~~~~~~~~~~~~~~[0m
    at [0m[36mfile:///Users/tettuan/github/breakdown/lib/workspace/2_unit_errors_test.ts[0m:[0m[33m200[0m:[0m[33m41[0m

[0m[1mTS2304 [0m[ERROR]: Cannot find name 'WorkspaceConfigError'.
      const error = new WorkspaceConfigError(message);
[0m[31m                        ~~~~~~~~~~~~~~~~~~~~[0m
    at [0m[36mfile:///Users/tettuan/github/breakdown/lib/workspace/2_unit_errors_test.ts[0m:[0m[33m217[0m:[0m[33m25[0m

[0m[1mTS2304 [0m[ERROR]: Cannot find name 'WorkspaceError'.
      assertInstanceOf(error, WorkspaceError);
[0m[31m                              ~~~~~~~~~~~~~~[0m
    at [0m[36mfile:///Users/tettuan/github/breakdown/lib/workspace/2_unit_errors_test.ts[0m:[0m[33m223[0m:[0m[33m31[0m

[0m[1mTS2304 [0m[ERROR]: Cannot find name 'WorkspaceConfigError'.
      assertInstanceOf(error, WorkspaceConfigError);
[0m[31m                              ~~~~~~~~~~~~~~~~~~~~[0m
    at [0m[36mfile:///Users/tettuan/github/breakdown/lib/workspace/2_unit_errors_test.ts[0m:[0m[33m224[0m:[0m[33m31[0m

[0m[1mTS2339 [0m[ERROR]: Property 'code' does not exist on type 'Error'.
        code: error.code,
[0m[31m                    ~~~~[0m
    at [0m[36mfile:///Users/tettuan/github/breakdown/lib/workspace/2_unit_errors_test.ts[0m:[0m[33m228[0m:[0m[33m21[0m

[0m[1mTS2304 [0m[ERROR]: Cannot find name 'WorkspaceConfigError'.
        const error = new WorkspaceConfigError(scenario);
[0m[31m                          ~~~~~~~~~~~~~~~~~~~~[0m
    at [0m[36mfile:///Users/tettuan/github/breakdown/lib/workspace/2_unit_errors_test.ts[0m:[0m[33m250[0m:[0m[33m27[0m

[0m[1mTS2304 [0m[ERROR]: Cannot find name 'WorkspaceConfig'.
    const minimalConfig: WorkspaceConfig = {
[0m[31m                         ~~~~~~~~~~~~~~~[0m
    at [0m[36mfile:///Users/tettuan/github/breakdown/lib/workspace/2_unit_interfaces_test.ts[0m:[0m[33m56[0m:[0m[33m26[0m

[0m[1mTS2304 [0m[ERROR]: Cannot find name 'WorkspaceConfig'.
    const singleCharConfig: WorkspaceConfig = {
[0m[31m                            ~~~~~~~~~~~~~~~[0m
    at [0m[36mfile:///Users/tettuan/github/breakdown/lib/workspace/2_unit_interfaces_test.ts[0m:[0m[33m65[0m:[0m[33m29[0m

[0m[1mTS2304 [0m[ERROR]: Cannot find name 'WorkspaceConfig'.
    const validateConfig = (config: WorkspaceConfig): boolean => {
[0m[31m                                    ~~~~~~~~~~~~~~~[0m
    at [0m[36mfile:///Users/tettuan/github/breakdown/lib/workspace/2_unit_interfaces_test.ts[0m:[0m[33m77[0m:[0m[33m37[0m

[0m[1mTS2304 [0m[ERROR]: Cannot find name 'WorkspaceConfig'.
    const validConfig: WorkspaceConfig = {
[0m[31m                       ~~~~~~~~~~~~~~~[0m
    at [0m[36mfile:///Users/tettuan/github/breakdown/lib/workspace/2_unit_interfaces_test.ts[0m:[0m[33m89[0m:[0m[33m24[0m

[0m[1mTS2304 [0m[ERROR]: Cannot find name 'WorkspaceConfig'.
    const invalidConfig1: WorkspaceConfig = {
[0m[31m                          ~~~~~~~~~~~~~~~[0m
    at [0m[36mfile:///Users/tettuan/github/breakdown/lib/workspace/2_unit_interfaces_test.ts[0m:[0m[33m97[0m:[0m[33m27[0m

[0m[1mTS2304 [0m[ERROR]: Cannot find name 'WorkspaceConfig'.
    const invalidConfig2: WorkspaceConfig = {
[0m[31m                          ~~~~~~~~~~~~~~~[0m
    at [0m[36mfile:///Users/tettuan/github/breakdown/lib/workspace/2_unit_interfaces_test.ts[0m:[0m[33m104[0m:[0m[33m27[0m

[0m[1mTS2304 [0m[ERROR]: Cannot find name 'PathResolutionStrategy'.
    const unixStrategy: PathResolutionStrategy = {
[0m[31m                        ~~~~~~~~~~~~~~~~~~~~~~[0m
    at [0m[36mfile:///Users/tettuan/github/breakdown/lib/workspace/2_unit_interfaces_test.ts[0m:[0m[33m124[0m:[0m[33m25[0m

[0m[1mTS2304 [0m[ERROR]: Cannot find name 'PathResolutionStrategy'.
    const errorProneStrategy: PathResolutionStrategy = {
[0m[31m                              ~~~~~~~~~~~~~~~~~~~~~~[0m
    at [0m[36mfile:///Users/tettuan/github/breakdown/lib/workspace/2_unit_interfaces_test.ts[0m:[0m[33m154[0m:[0m[33m31[0m

[0m[1mTS1308 [0m[ERROR]: 'await' expressions are only allowed within async functions and at the top levels of modules.
    await assertRejects(
[0m[31m    ~~~~~[0m
    at [0m[36mfile:///Users/tettuan/github/breakdown/lib/workspace/2_unit_interfaces_test.ts[0m:[0m[33m176[0m:[0m[33m5[0m

[0m[1mTS1356 [0m[ERROR]:     Did you mean to mark this function as 'async'?
      await t.step("should handle error cases gracefully", () => {
    [0m[31m                                                       ~~~~~~~[0m
        at [0m[36mfile:///Users/tettuan/github/breakdown/lib/workspace/2_unit_interfaces_test.ts[0m:[0m[33m151[0m:[0m[33m56[0m

[0m[1mTS1308 [0m[ERROR]: 'await' expressions are only allowed within async functions and at the top levels of modules.
    await assertRejects(
[0m[31m    ~~~~~[0m
    at [0m[36mfile:///Users/tettuan/github/breakdown/lib/workspace/2_unit_interfaces_test.ts[0m:[0m[33m182[0m:[0m[33m5[0m

[0m[1mTS1356 [0m[ERROR]:     Did you mean to mark this function as 'async'?
      await t.step("should handle error cases gracefully", () => {
    [0m[31m                                                       ~~~~~~~[0m
        at [0m[36mfile:///Users/tettuan/github/breakdown/lib/workspace/2_unit_interfaces_test.ts[0m:[0m[33m151[0m:[0m[33m56[0m

[0m[1mTS1308 [0m[ERROR]: 'await' expressions are only allowed within async functions and at the top levels of modules.
    await assertRejects(
[0m[31m    ~~~~~[0m
    at [0m[36mfile:///Users/tettuan/github/breakdown/lib/workspace/2_unit_interfaces_test.ts[0m:[0m[33m188[0m:[0m[33m5[0m

[0m[1mTS1356 [0m[ERROR]:     Did you mean to mark this function as 'async'?
      await t.step("should handle error cases gracefully", () => {
    [0m[31m                                                       ~~~~~~~[0m
        at [0m[36mfile:///Users/tettuan/github/breakdown/lib/workspace/2_unit_interfaces_test.ts[0m:[0m[33m151[0m:[0m[33m56[0m

[0m[1mTS1308 [0m[ERROR]: 'await' expressions are only allowed within async functions and at the top levels of modules.
    assertEquals(await errorProneStrategy.resolve("valid"), "valid");
[0m[31m                 ~~~~~[0m
    at [0m[36mfile:///Users/tettuan/github/breakdown/lib/workspace/2_unit_interfaces_test.ts[0m:[0m[33m195[0m:[0m[33m18[0m

[0m[1mTS1356 [0m[ERROR]:     Did you mean to mark this function as 'async'?
      await t.step("should handle error cases gracefully", () => {
    [0m[31m                                                       ~~~~~~~[0m
        at [0m[36mfile:///Users/tettuan/github/breakdown/lib/workspace/2_unit_interfaces_test.ts[0m:[0m[33m151[0m:[0m[33m56[0m

[0m[1mTS1308 [0m[ERROR]: 'await' expressions are only allowed within async functions and at the top levels of modules.
    assertEquals(await errorProneStrategy.normalize("UPPER"), "upper");
[0m[31m                 ~~~~~[0m
    at [0m[36mfile:///Users/tettuan/github/breakdown/lib/workspace/2_unit_interfaces_test.ts[0m:[0m[33m196[0m:[0m[33m18[0m

[0m[1mTS1356 [0m[ERROR]:     Did you mean to mark this function as 'async'?
      await t.step("should handle error cases gracefully", () => {
    [0m[31m                                                       ~~~~~~~[0m
        at [0m[36mfile:///Users/tettuan/github/breakdown/lib/workspace/2_unit_interfaces_test.ts[0m:[0m[33m151[0m:[0m[33m56[0m

[0m[1mTS1308 [0m[ERROR]: 'await' expressions are only allowed within async functions and at the top levels of modules.
    assertEquals(await errorProneStrategy.validate("valid"), true);
[0m[31m                 ~~~~~[0m
    at [0m[36mfile:///Users/tettuan/github/breakdown/lib/workspace/2_unit_interfaces_test.ts[0m:[0m[33m197[0m:[0m[33m18[0m

[0m[1mTS1356 [0m[ERROR]:     Did you mean to mark this function as 'async'?
      await t.step("should handle error cases gracefully", () => {
    [0m[31m                                                       ~~~~~~~[0m
        at [0m[36mfile:///Users/tettuan/github/breakdown/lib/workspace/2_unit_interfaces_test.ts[0m:[0m[33m151[0m:[0m[33m56[0m

[0m[1mTS2304 [0m[ERROR]: Cannot find name 'PathResolutionStrategy'.
    const windowsStrategy: PathResolutionStrategy = {
[0m[31m                           ~~~~~~~~~~~~~~~~~~~~~~[0m
    at [0m[36mfile:///Users/tettuan/github/breakdown/lib/workspace/2_unit_interfaces_test.ts[0m:[0m[33m204[0m:[0m[33m28[0m

[0m[1mTS1308 [0m[ERROR]: 'await' expressions are only allowed within async functions and at the top levels of modules.
    assertEquals(await windowsStrategy.resolve("C:\\absolute"), "C:\\absolute");
[0m[31m                 ~~~~~[0m
    at [0m[36mfile:///Users/tettuan/github/breakdown/lib/workspace/2_unit_interfaces_test.ts[0m:[0m[33m217[0m:[0m[33m18[0m

[0m[1mTS1356 [0m[ERROR]:     Did you mean to mark this function as 'async'?
      await t.step("should support platform-specific implementations", () => {
    [0m[31m                                                                   ~~~~~~~[0m
        at [0m[36mfile:///Users/tettuan/github/breakdown/lib/workspace/2_unit_interfaces_test.ts[0m:[0m[33m200[0m:[0m[33m68[0m

[0m[1mTS1308 [0m[ERROR]: 'await' expressions are only allowed within async functions and at the top levels of modules.
    assertEquals(await windowsStrategy.resolve("relative"), "C:\\base\\relative");
[0m[31m                 ~~~~~[0m
    at [0m[36mfile:///Users/tettuan/github/breakdown/lib/workspace/2_unit_interfaces_test.ts[0m:[0m[33m218[0m:[0m[33m18[0m

[0m[1mTS1356 [0m[ERROR]:     Did you mean to mark this function as 'async'?
      await t.step("should support platform-specific implementations", () => {
    [0m[31m                                                                   ~~~~~~~[0m
        at [0m[36mfile:///Users/tettuan/github/breakdown/lib/workspace/2_unit_interfaces_test.ts[0m:[0m[33m200[0m:[0m[33m68[0m

[0m[1mTS1308 [0m[ERROR]: 'await' expressions are only allowed within async functions and at the top levels of modules.
    assertEquals(await windowsStrategy.normalize("path/unix"), "path\\unix");
[0m[31m                 ~~~~~[0m
    at [0m[36mfile:///Users/tettuan/github/breakdown/lib/workspace/2_unit_interfaces_test.ts[0m:[0m[33m219[0m:[0m[33m18[0m

[0m[1mTS1356 [0m[ERROR]:     Did you mean to mark this function as 'async'?
      await t.step("should support platform-specific implementations", () => {
    [0m[31m                                                                   ~~~~~~~[0m
        at [0m[36mfile:///Users/tettuan/github/breakdown/lib/workspace/2_unit_interfaces_test.ts[0m:[0m[33m200[0m:[0m[33m68[0m

[0m[1mTS2304 [0m[ERROR]: Cannot find name 'WorkspaceStructure'.
    const structure: WorkspaceStructure = {
[0m[31m                     ~~~~~~~~~~~~~~~~~~[0m
    at [0m[36mfile:///Users/tettuan/github/breakdown/lib/workspace/2_unit_interfaces_test.ts[0m:[0m[33m231[0m:[0m[33m22[0m

[0m[1mTS1308 [0m[ERROR]: 'await' expressions are only allowed within async functions and at the top levels of modules.
    await structure.initialize();
[0m[31m    ~~~~~[0m
    at [0m[36mfile:///Users/tettuan/github/breakdown/lib/workspace/2_unit_interfaces_test.ts[0m:[0m[33m261[0m:[0m[33m5[0m

[0m[1mTS1356 [0m[ERROR]:     Did you mean to mark this function as 'async'?
      await t.step("should implement directory lifecycle correctly", () => {
    [0m[31m                                                                 ~~~~~~~[0m
        at [0m[36mfile:///Users/tettuan/github/breakdown/lib/workspace/2_unit_interfaces_test.ts[0m:[0m[33m226[0m:[0m[33m66[0m

[0m[1mTS1308 [0m[ERROR]: 'await' expressions are only allowed within async functions and at the top levels of modules.
    assertEquals(await structure.exists("/root"), true, "Root created");
[0m[31m                 ~~~~~[0m
    at [0m[36mfile:///Users/tettuan/github/breakdown/lib/workspace/2_unit_interfaces_test.ts[0m:[0m[33m262[0m:[0m[33m18[0m

[0m[1mTS1356 [0m[ERROR]:     Did you mean to mark this function as 'async'?
      await t.step("should implement directory lifecycle correctly", () => {
    [0m[31m                                                                 ~~~~~~~[0m
        at [0m[36mfile:///Users/tettuan/github/breakdown/lib/workspace/2_unit_interfaces_test.ts[0m:[0m[33m226[0m:[0m[33m66[0m

[0m[1mTS1308 [0m[ERROR]: 'await' expressions are only allowed within async functions and at the top levels of modules.
    assertEquals(await structure.exists("/root/prompts"), true, "Prompts created");
[0m[31m                 ~~~~~[0m
    at [0m[36mfile:///Users/tettuan/github/breakdown/lib/workspace/2_unit_interfaces_test.ts[0m:[0m[33m263[0m:[0m[33m18[0m

[0m[1mTS1356 [0m[ERROR]:     Did you mean to mark this function as 'async'?
      await t.step("should implement directory lifecycle correctly", () => {
    [0m[31m                                                                 ~~~~~~~[0m
        at [0m[36mfile:///Users/tettuan/github/breakdown/lib/workspace/2_unit_interfaces_test.ts[0m:[0m[33m226[0m:[0m[33m66[0m

[0m[1mTS1308 [0m[ERROR]: 'await' expressions are only allowed within async functions and at the top levels of modules.
    await structure.createDirectory("/root/temp");
[0m[31m    ~~~~~[0m
    at [0m[36mfile:///Users/tettuan/github/breakdown/lib/workspace/2_unit_interfaces_test.ts[0m:[0m[33m266[0m:[0m[33m5[0m

[0m[1mTS1356 [0m[ERROR]:     Did you mean to mark this function as 'async'?
      await t.step("should implement directory lifecycle correctly", () => {
    [0m[31m                                                                 ~~~~~~~[0m
        at [0m[36mfile:///Users/tettuan/github/breakdown/lib/workspace/2_unit_interfaces_test.ts[0m:[0m[33m226[0m:[0m[33m66[0m

[0m[1mTS1308 [0m[ERROR]: 'await' expressions are only allowed within async functions and at the top levels of modules.
    assertEquals(await structure.exists("/root/temp"), true, "Temp directory created");
[0m[31m                 ~~~~~[0m
    at [0m[36mfile:///Users/tettuan/github/breakdown/lib/workspace/2_unit_interfaces_test.ts[0m:[0m[33m267[0m:[0m[33m18[0m

[0m[1mTS1356 [0m[ERROR]:     Did you mean to mark this function as 'async'?
      await t.step("should implement directory lifecycle correctly", () => {
    [0m[31m                                                                 ~~~~~~~[0m
        at [0m[36mfile:///Users/tettuan/github/breakdown/lib/workspace/2_unit_interfaces_test.ts[0m:[0m[33m226[0m:[0m[33m66[0m

[0m[1mTS1308 [0m[ERROR]: 'await' expressions are only allowed within async functions and at the top levels of modules.
    await assertRejects(
[0m[31m    ~~~~~[0m
    at [0m[36mfile:///Users/tettuan/github/breakdown/lib/workspace/2_unit_interfaces_test.ts[0m:[0m[33m270[0m:[0m[33m5[0m

[0m[1mTS1356 [0m[ERROR]:     Did you mean to mark this function as 'async'?
      await t.step("should implement directory lifecycle correctly", () => {
    [0m[31m                                                                 ~~~~~~~[0m
        at [0m[36mfile:///Users/tettuan/github/breakdown/lib/workspace/2_unit_interfaces_test.ts[0m:[0m[33m226[0m:[0m[33m66[0m

[0m[1mTS1308 [0m[ERROR]: 'await' expressions are only allowed within async functions and at the top levels of modules.
    await structure.removeDirectory("/root/temp");
[0m[31m    ~~~~~[0m
    at [0m[36mfile:///Users/tettuan/github/breakdown/lib/workspace/2_unit_interfaces_test.ts[0m:[0m[33m277[0m:[0m[33m5[0m

[0m[1mTS1356 [0m[ERROR]:     Did you mean to mark this function as 'async'?
      await t.step("should implement directory lifecycle correctly", () => {
    [0m[31m                                                                 ~~~~~~~[0m
        at [0m[36mfile:///Users/tettuan/github/breakdown/lib/workspace/2_unit_interfaces_test.ts[0m:[0m[33m226[0m:[0m[33m66[0m

[0m[1mTS1308 [0m[ERROR]: 'await' expressions are only allowed within async functions and at the top levels of modules.
    assertEquals(await structure.exists("/root/temp"), false, "Temp directory removed");
[0m[31m                 ~~~~~[0m
    at [0m[36mfile:///Users/tettuan/github/breakdown/lib/workspace/2_unit_interfaces_test.ts[0m:[0m[33m278[0m:[0m[33m18[0m

[0m[1mTS1356 [0m[ERROR]:     Did you mean to mark this function as 'async'?
      await t.step("should implement directory lifecycle correctly", () => {
    [0m[31m                                                                 ~~~~~~~[0m
        at [0m[36mfile:///Users/tettuan/github/breakdown/lib/workspace/2_unit_interfaces_test.ts[0m:[0m[33m226[0m:[0m[33m66[0m

[0m[1mTS1308 [0m[ERROR]: 'await' expressions are only allowed within async functions and at the top levels of modules.
    await assertRejects(
[0m[31m    ~~~~~[0m
    at [0m[36mfile:///Users/tettuan/github/breakdown/lib/workspace/2_unit_interfaces_test.ts[0m:[0m[33m281[0m:[0m[33m5[0m

[0m[1mTS1356 [0m[ERROR]:     Did you mean to mark this function as 'async'?
      await t.step("should implement directory lifecycle correctly", () => {
    [0m[31m                                                                 ~~~~~~~[0m
        at [0m[36mfile:///Users/tettuan/github/breakdown/lib/workspace/2_unit_interfaces_test.ts[0m:[0m[33m226[0m:[0m[33m66[0m

[0m[1mTS2304 [0m[ERROR]: Cannot find name 'WorkspaceStructure'.
    const structure: WorkspaceStructure = {
[0m[31m                     ~~~~~~~~~~~~~~~~~~[0m
    at [0m[36mfile:///Users/tettuan/github/breakdown/lib/workspace/2_unit_interfaces_test.ts[0m:[0m[33m294[0m:[0m[33m22[0m

[0m[1mTS1308 [0m[ERROR]: 'await' expressions are only allowed within async functions and at the top levels of modules.
    await Promise.all(operations);
[0m[31m    ~~~~~[0m
    at [0m[36mfile:///Users/tettuan/github/breakdown/lib/workspace/2_unit_interfaces_test.ts[0m:[0m[33m328[0m:[0m[33m5[0m

[0m[1mTS1356 [0m[ERROR]:     Did you mean to mark this function as 'async'?
      await t.step("should handle concurrent operations safely", () => {
    [0m[31m                                                             ~~~~~~~[0m
        at [0m[36mfile:///Users/tettuan/github/breakdown/lib/workspace/2_unit_interfaces_test.ts[0m:[0m[33m288[0m:[0m[33m62[0m

[0m[1mTS1308 [0m[ERROR]: 'await' expressions are only allowed within async functions and at the top levels of modules.
    assertEquals(await structure.exists("/root"), true, "Root exists");
[0m[31m                 ~~~~~[0m
    at [0m[36mfile:///Users/tettuan/github/breakdown/lib/workspace/2_unit_interfaces_test.ts[0m:[0m[33m331[0m:[0m[33m18[0m

[0m[1mTS1356 [0m[ERROR]:     Did you mean to mark this function as 'async'?
      await t.step("should handle concurrent operations safely", () => {
    [0m[31m                                                             ~~~~~~~[0m
        at [0m[36mfile:///Users/tettuan/github/breakdown/lib/workspace/2_unit_interfaces_test.ts[0m:[0m[33m288[0m:[0m[33m62[0m

[0m[1mTS1308 [0m[ERROR]: 'await' expressions are only allowed within async functions and at the top levels of modules.
    assertEquals(await structure.exists("/dir1"), true, "Dir1 exists");
[0m[31m                 ~~~~~[0m
    at [0m[36mfile:///Users/tettuan/github/breakdown/lib/workspace/2_unit_interfaces_test.ts[0m:[0m[33m332[0m:[0m[33m18[0m

[0m[1mTS1356 [0m[ERROR]:     Did you mean to mark this function as 'async'?
      await t.step("should handle concurrent operations safely", () => {
    [0m[31m                                                             ~~~~~~~[0m
        at [0m[36mfile:///Users/tettuan/github/breakdown/lib/workspace/2_unit_interfaces_test.ts[0m:[0m[33m288[0m:[0m[33m62[0m

[0m[1mTS1308 [0m[ERROR]: 'await' expressions are only allowed within async functions and at the top levels of modules.
    assertEquals(await structure.exists("/dir2"), true, "Dir2 exists");
[0m[31m                 ~~~~~[0m
    at [0m[36mfile:///Users/tettuan/github/breakdown/lib/workspace/2_unit_interfaces_test.ts[0m:[0m[33m333[0m:[0m[33m18[0m

[0m[1mTS1356 [0m[ERROR]:     Did you mean to mark this function as 'async'?
      await t.step("should handle concurrent operations safely", () => {
    [0m[31m                                                             ~~~~~~~[0m
        at [0m[36mfile:///Users/tettuan/github/breakdown/lib/workspace/2_unit_interfaces_test.ts[0m:[0m[33m288[0m:[0m[33m62[0m

[0m[1mTS2304 [0m[ERROR]: Cannot find name 'WorkspaceConfig'.
    let currentConfig: WorkspaceConfig = {
[0m[31m                       ~~~~~~~~~~~~~~~[0m
    at [0m[36mfile:///Users/tettuan/github/breakdown/lib/workspace/2_unit_interfaces_test.ts[0m:[0m[33m343[0m:[0m[33m24[0m

[0m[1mTS2304 [0m[ERROR]: Cannot find name 'WorkspaceConfigManager'.
    const configManager: WorkspaceConfigManager = {
[0m[31m                         ~~~~~~~~~~~~~~~~~~~~~~[0m
    at [0m[36mfile:///Users/tettuan/github/breakdown/lib/workspace/2_unit_interfaces_test.ts[0m:[0m[33m349[0m:[0m[33m26[0m

[0m[1mTS2304 [0m[ERROR]: Cannot find name 'WorkspaceConfig'.
      get: async (): Promise<WorkspaceConfig> => {
[0m[31m                             ~~~~~~~~~~~~~~~[0m
    at [0m[36mfile:///Users/tettuan/github/breakdown/lib/workspace/2_unit_interfaces_test.ts[0m:[0m[33m358[0m:[0m[33m30[0m

[0m[1mTS2304 [0m[ERROR]: Cannot find name 'WorkspaceConfig'.
      update: async (config: Partial<WorkspaceConfig>): Promise<void> => {
[0m[31m                                     ~~~~~~~~~~~~~~~[0m
    at [0m[36mfile:///Users/tettuan/github/breakdown/lib/workspace/2_unit_interfaces_test.ts[0m:[0m[33m361[0m:[0m[33m38[0m

[0m[1mTS1308 [0m[ERROR]: 'await' expressions are only allowed within async functions and at the top levels of modules.
    const initialConfig = await configManager.get();
[0m[31m                          ~~~~~[0m
    at [0m[36mfile:///Users/tettuan/github/breakdown/lib/workspace/2_unit_interfaces_test.ts[0m:[0m[33m378[0m:[0m[33m27[0m

[0m[1mTS1356 [0m[ERROR]:     Did you mean to mark this function as 'async'?
      await t.step("should handle configuration lifecycle correctly", () => {
    [0m[31m                                                                  ~~~~~~~[0m
        at [0m[36mfile:///Users/tettuan/github/breakdown/lib/workspace/2_unit_interfaces_test.ts[0m:[0m[33m340[0m:[0m[33m67[0m

[0m[1mTS1308 [0m[ERROR]: 'await' expressions are only allowed within async functions and at the top levels of modules.
    await configManager.load();
[0m[31m    ~~~~~[0m
    at [0m[36mfile:///Users/tettuan/github/breakdown/lib/workspace/2_unit_interfaces_test.ts[0m:[0m[33m382[0m:[0m[33m5[0m

[0m[1mTS1356 [0m[ERROR]:     Did you mean to mark this function as 'async'?
      await t.step("should handle configuration lifecycle correctly", () => {
    [0m[31m                                                                  ~~~~~~~[0m
        at [0m[36mfile:///Users/tettuan/github/breakdown/lib/workspace/2_unit_interfaces_test.ts[0m:[0m[33m340[0m:[0m[33m67[0m

[0m[1mTS1308 [0m[ERROR]: 'await' expressions are only allowed within async functions and at the top levels of modules.
    const loadedConfig = await configManager.get();
[0m[31m                         ~~~~~[0m
    at [0m[36mfile:///Users/tettuan/github/breakdown/lib/workspace/2_unit_interfaces_test.ts[0m:[0m[33m383[0m:[0m[33m26[0m

[0m[1mTS1356 [0m[ERROR]:     Did you mean to mark this function as 'async'?
      await t.step("should handle configuration lifecycle correctly", () => {
    [0m[31m                                                                  ~~~~~~~[0m
        at [0m[36mfile:///Users/tettuan/github/breakdown/lib/workspace/2_unit_interfaces_test.ts[0m:[0m[33m340[0m:[0m[33m67[0m

[0m[1mTS1308 [0m[ERROR]: 'await' expressions are only allowed within async functions and at the top levels of modules.
    await configManager.update({ workingDir: "/updated" });
[0m[31m    ~~~~~[0m
    at [0m[36mfile:///Users/tettuan/github/breakdown/lib/workspace/2_unit_interfaces_test.ts[0m:[0m[33m387[0m:[0m[33m5[0m

[0m[1mTS1356 [0m[ERROR]:     Did you mean to mark this function as 'async'?
      await t.step("should handle configuration lifecycle correctly", () => {
    [0m[31m                                                                  ~~~~~~~[0m
        at [0m[36mfile:///Users/tettuan/github/breakdown/lib/workspace/2_unit_interfaces_test.ts[0m:[0m[33m340[0m:[0m[33m67[0m

[0m[1mTS1308 [0m[ERROR]: 'await' expressions are only allowed within async functions and at the top levels of modules.
    const updatedConfig = await configManager.get();
[0m[31m                          ~~~~~[0m
    at [0m[36mfile:///Users/tettuan/github/breakdown/lib/workspace/2_unit_interfaces_test.ts[0m:[0m[33m388[0m:[0m[33m27[0m

[0m[1mTS1356 [0m[ERROR]:     Did you mean to mark this function as 'async'?
      await t.step("should handle configuration lifecycle correctly", () => {
    [0m[31m                                                                  ~~~~~~~[0m
        at [0m[36mfile:///Users/tettuan/github/breakdown/lib/workspace/2_unit_interfaces_test.ts[0m:[0m[33m340[0m:[0m[33m67[0m

[0m[1mTS1308 [0m[ERROR]: 'await' expressions are only allowed within async functions and at the top levels of modules.
    await configManager.validate(); // Should not throw
[0m[31m    ~~~~~[0m
    at [0m[36mfile:///Users/tettuan/github/breakdown/lib/workspace/2_unit_interfaces_test.ts[0m:[0m[33m397[0m:[0m[33m5[0m

[0m[1mTS1356 [0m[ERROR]:     Did you mean to mark this function as 'async'?
      await t.step("should handle configuration lifecycle correctly", () => {
    [0m[31m                                                                  ~~~~~~~[0m
        at [0m[36mfile:///Users/tettuan/github/breakdown/lib/workspace/2_unit_interfaces_test.ts[0m:[0m[33m340[0m:[0m[33m67[0m

[0m[1mTS1308 [0m[ERROR]: 'await' expressions are only allowed within async functions and at the top levels of modules.
    await configManager.update({ workingDir: "" });
[0m[31m    ~~~~~[0m
    at [0m[36mfile:///Users/tettuan/github/breakdown/lib/workspace/2_unit_interfaces_test.ts[0m:[0m[33m400[0m:[0m[33m5[0m

[0m[1mTS1356 [0m[ERROR]:     Did you mean to mark this function as 'async'?
      await t.step("should handle configuration lifecycle correctly", () => {
    [0m[31m                                                                  ~~~~~~~[0m
        at [0m[36mfile:///Users/tettuan/github/breakdown/lib/workspace/2_unit_interfaces_test.ts[0m:[0m[33m340[0m:[0m[33m67[0m

[0m[1mTS1308 [0m[ERROR]: 'await' expressions are only allowed within async functions and at the top levels of modules.
    await assertRejects(
[0m[31m    ~~~~~[0m
    at [0m[36mfile:///Users/tettuan/github/breakdown/lib/workspace/2_unit_interfaces_test.ts[0m:[0m[33m401[0m:[0m[33m5[0m

[0m[1mTS1356 [0m[ERROR]:     Did you mean to mark this function as 'async'?
      await t.step("should handle configuration lifecycle correctly", () => {
    [0m[31m                                                                  ~~~~~~~[0m
        at [0m[36mfile:///Users/tettuan/github/breakdown/lib/workspace/2_unit_interfaces_test.ts[0m:[0m[33m340[0m:[0m[33m67[0m

[0m[1mTS2304 [0m[ERROR]: Cannot find name 'WorkspaceConfig'.
    let config: WorkspaceConfig = {
[0m[31m                ~~~~~~~~~~~~~~~[0m
    at [0m[36mfile:///Users/tettuan/github/breakdown/lib/workspace/2_unit_interfaces_test.ts[0m:[0m[33m411[0m:[0m[33m17[0m

[0m[1mTS2304 [0m[ERROR]: Cannot find name 'WorkspaceConfigManager'.
    const configManager: WorkspaceConfigManager = {
[0m[31m                         ~~~~~~~~~~~~~~~~~~~~~~[0m
    at [0m[36mfile:///Users/tettuan/github/breakdown/lib/workspace/2_unit_interfaces_test.ts[0m:[0m[33m417[0m:[0m[33m26[0m

[0m[1mTS2304 [0m[ERROR]: Cannot find name 'WorkspaceConfig'.
      update: async (update: Partial<WorkspaceConfig>) => {
[0m[31m                                     ~~~~~~~~~~~~~~~[0m
    at [0m[36mfile:///Users/tettuan/github/breakdown/lib/workspace/2_unit_interfaces_test.ts[0m:[0m[33m420[0m:[0m[33m38[0m

[0m[1mTS1308 [0m[ERROR]: 'await' expressions are only allowed within async functions and at the top levels of modules.
    await configManager.update({});
[0m[31m    ~~~~~[0m
    at [0m[36mfile:///Users/tettuan/github/breakdown/lib/workspace/2_unit_interfaces_test.ts[0m:[0m[33m427[0m:[0m[33m5[0m

[0m[1mTS1356 [0m[ERROR]:     Did you mean to mark this function as 'async'?
      await t.step("should handle edge cases in configuration updates", () => {
    [0m[31m                                                                    ~~~~~~~[0m
        at [0m[36mfile:///Users/tettuan/github/breakdown/lib/workspace/2_unit_interfaces_test.ts[0m:[0m[33m408[0m:[0m[33m69[0m

[0m[1mTS1308 [0m[ERROR]: 'await' expressions are only allowed within async functions and at the top levels of modules.
    const unchangedConfig = await configManager.get();
[0m[31m                            ~~~~~[0m
    at [0m[36mfile:///Users/tettuan/github/breakdown/lib/workspace/2_unit_interfaces_test.ts[0m:[0m[33m428[0m:[0m[33m29[0m

[0m[1mTS1356 [0m[ERROR]:     Did you mean to mark this function as 'async'?
      await t.step("should handle edge cases in configuration updates", () => {
    [0m[31m                                                                    ~~~~~~~[0m
        at [0m[36mfile:///Users/tettuan/github/breakdown/lib/workspace/2_unit_interfaces_test.ts[0m:[0m[33m408[0m:[0m[33m69[0m

[0m[1mTS1308 [0m[ERROR]: 'await' expressions are only allowed within async functions and at the top levels of modules.
    await configManager.update({
[0m[31m    ~~~~~[0m
    at [0m[36mfile:///Users/tettuan/github/breakdown/lib/workspace/2_unit_interfaces_test.ts[0m:[0m[33m432[0m:[0m[33m5[0m

[0m[1mTS1356 [0m[ERROR]:     Did you mean to mark this function as 'async'?
      await t.step("should handle edge cases in configuration updates", () => {
    [0m[31m                                                                    ~~~~~~~[0m
        at [0m[36mfile:///Users/tettuan/github/breakdown/lib/workspace/2_unit_interfaces_test.ts[0m:[0m[33m408[0m:[0m[33m69[0m

[0m[1mTS1308 [0m[ERROR]: 'await' expressions are only allowed within async functions and at the top levels of modules.
    const multiUpdatedConfig = await configManager.get();
[0m[31m                               ~~~~~[0m
    at [0m[36mfile:///Users/tettuan/github/breakdown/lib/workspace/2_unit_interfaces_test.ts[0m:[0m[33m436[0m:[0m[33m32[0m

[0m[1mTS1356 [0m[ERROR]:     Did you mean to mark this function as 'async'?
      await t.step("should handle edge cases in configuration updates", () => {
    [0m[31m                                                                    ~~~~~~~[0m
        at [0m[36mfile:///Users/tettuan/github/breakdown/lib/workspace/2_unit_interfaces_test.ts[0m:[0m[33m408[0m:[0m[33m69[0m

[0m[1mTS2304 [0m[ERROR]: Cannot find name 'WorkspaceErrorHandler'.
    const errorHandler: WorkspaceErrorHandler = {
[0m[31m                        ~~~~~~~~~~~~~~~~~~~~~[0m
    at [0m[36mfile:///Users/tettuan/github/breakdown/lib/workspace/2_unit_interfaces_test.ts[0m:[0m[33m460[0m:[0m[33m25[0m

[0m[1mTS2304 [0m[ERROR]: Cannot find name 'WorkspaceErrorHandler'.
    const errorHandler: WorkspaceErrorHandler = {
[0m[31m                        ~~~~~~~~~~~~~~~~~~~~~[0m
    at [0m[36mfile:///Users/tettuan/github/breakdown/lib/workspace/2_unit_interfaces_test.ts[0m:[0m[33m520[0m:[0m[33m25[0m

[0m[1mTS2304 [0m[ERROR]: Cannot find name 'WorkspaceEventEmitter'.
    const eventEmitter: WorkspaceEventEmitter = {
[0m[31m                        ~~~~~~~~~~~~~~~~~~~~~[0m
    at [0m[36mfile:///Users/tettuan/github/breakdown/lib/workspace/2_unit_interfaces_test.ts[0m:[0m[33m555[0m:[0m[33m25[0m

[0m[1mTS7006 [0m[ERROR]: Parameter 'data' implicitly has an 'any' type.
    eventEmitter.on("test", (data) => {
[0m[31m                             ~~~~[0m
    at [0m[36mfile:///Users/tettuan/github/breakdown/lib/workspace/2_unit_interfaces_test.ts[0m:[0m[33m573[0m:[0m[33m30[0m

[0m[1mTS7006 [0m[ERROR]: Parameter 'data' implicitly has an 'any' type.
    eventEmitter.on("config-changed", (data) => {
[0m[31m                                       ~~~~[0m
    at [0m[36mfile:///Users/tettuan/github/breakdown/lib/workspace/2_unit_interfaces_test.ts[0m:[0m[33m577[0m:[0m[33m40[0m

[0m[1mTS2304 [0m[ERROR]: Cannot find name 'WorkspaceEventEmitter'.
    const eventEmitter: WorkspaceEventEmitter = {
[0m[31m                        ~~~~~~~~~~~~~~~~~~~~~[0m
    at [0m[36mfile:///Users/tettuan/github/breakdown/lib/workspace/2_unit_interfaces_test.ts[0m:[0m[33m597[0m:[0m[33m25[0m

[0m[1mTS2304 [0m[ERROR]: Cannot find name 'WorkspaceEventEmitter'.
    const eventEmitter: WorkspaceEventEmitter = {
[0m[31m                        ~~~~~~~~~~~~~~~~~~~~~[0m
    at [0m[36mfile:///Users/tettuan/github/breakdown/lib/workspace/2_unit_interfaces_test.ts[0m:[0m[33m630[0m:[0m[33m25[0m

[0m[1mTS7006 [0m[ERROR]: Parameter 'data' implicitly has an 'any' type.
    eventEmitter.on("data-test", (data) => {
[0m[31m                                  ~~~~[0m
    at [0m[36mfile:///Users/tettuan/github/breakdown/lib/workspace/2_unit_interfaces_test.ts[0m:[0m[33m643[0m:[0m[33m35[0m

[0m[1mTS2304 [0m[ERROR]: Cannot find name 'WorkspaceConfig'.
    const mockConfig: WorkspaceConfig = {
[0m[31m                      ~~~~~~~~~~~~~~~[0m
    at [0m[36mfile:///Users/tettuan/github/breakdown/lib/workspace/2_unit_interfaces_test.ts[0m:[0m[33m670[0m:[0m[33m23[0m

[0m[1mTS2304 [0m[ERROR]: Cannot find name 'Workspace'.
    const workspace: Workspace = {
[0m[31m                     ~~~~~~~~~[0m
    at [0m[36mfile:///Users/tettuan/github/breakdown/lib/workspace/2_unit_interfaces_test.ts[0m:[0m[33m678[0m:[0m[33m22[0m

[0m[1mTS1308 [0m[ERROR]: 'await' expressions are only allowed within async functions and at the top levels of modules.
    await workspace.initialize();
[0m[31m    ~~~~~[0m
    at [0m[36mfile:///Users/tettuan/github/breakdown/lib/workspace/2_unit_interfaces_test.ts[0m:[0m[33m713[0m:[0m[33m5[0m

[0m[1mTS1356 [0m[ERROR]:     Did you mean to mark this function as 'async'?
      await t.step("should demonstrate realistic workspace usage flow", () => {
    [0m[31m                                                                    ~~~~~~~[0m
        at [0m[36mfile:///Users/tettuan/github/breakdown/lib/workspace/2_unit_interfaces_test.ts[0m:[0m[33m666[0m:[0m[33m69[0m

[0m[1mTS1308 [0m[ERROR]: 'await' expressions are only allowed within async functions and at the top levels of modules.
    assertEquals(await workspace.exists(), true, "Workspace initialized");
[0m[31m                 ~~~~~[0m
    at [0m[36mfile:///Users/tettuan/github/breakdown/lib/workspace/2_unit_interfaces_test.ts[0m:[0m[33m714[0m:[0m[33m18[0m

[0m[1mTS1356 [0m[ERROR]:     Did you mean to mark this function as 'async'?
      await t.step("should demonstrate realistic workspace usage flow", () => {
    [0m[31m                                                                    ~~~~~~~[0m
        at [0m[36mfile:///Users/tettuan/github/breakdown/lib/workspace/2_unit_interfaces_test.ts[0m:[0m[33m666[0m:[0m[33m69[0m

[0m[1mTS1308 [0m[ERROR]: 'await' expressions are only allowed within async functions and at the top levels of modules.
    const projectPath = await workspace.resolvePath("projects/myapp");
[0m[31m                        ~~~~~[0m
    at [0m[36mfile:///Users/tettuan/github/breakdown/lib/workspace/2_unit_interfaces_test.ts[0m:[0m[33m716[0m:[0m[33m25[0m

[0m[1mTS1356 [0m[ERROR]:     Did you mean to mark this function as 'async'?
      await t.step("should demonstrate realistic workspace usage flow", () => {
    [0m[31m                                                                    ~~~~~~~[0m
        at [0m[36mfile:///Users/tettuan/github/breakdown/lib/workspace/2_unit_interfaces_test.ts[0m:[0m[33m666[0m:[0m[33m69[0m

[0m[1mTS1308 [0m[ERROR]: 'await' expressions are only allowed within async functions and at the top levels of modules.
    await workspace.createDirectory(projectPath);
[0m[31m    ~~~~~[0m
    at [0m[36mfile:///Users/tettuan/github/breakdown/lib/workspace/2_unit_interfaces_test.ts[0m:[0m[33m719[0m:[0m[33m5[0m

[0m[1mTS1356 [0m[ERROR]:     Did you mean to mark this function as 'async'?
      await t.step("should demonstrate realistic workspace usage flow", () => {
    [0m[31m                                                                    ~~~~~~~[0m
        at [0m[36mfile:///Users/tettuan/github/breakdown/lib/workspace/2_unit_interfaces_test.ts[0m:[0m[33m666[0m:[0m[33m69[0m

[0m[1mTS1308 [0m[ERROR]: 'await' expressions are only allowed within async functions and at the top levels of modules.
    assertEquals(await workspace.exists(projectPath), true, "Project directory created");
[0m[31m                 ~~~~~[0m
    at [0m[36mfile:///Users/tettuan/github/breakdown/lib/workspace/2_unit_interfaces_test.ts[0m:[0m[33m720[0m:[0m[33m18[0m

[0m[1mTS1356 [0m[ERROR]:     Did you mean to mark this function as 'async'?
      await t.step("should demonstrate realistic workspace usage flow", () => {
    [0m[31m                                                                    ~~~~~~~[0m
        at [0m[36mfile:///Users/tettuan/github/breakdown/lib/workspace/2_unit_interfaces_test.ts[0m:[0m[33m666[0m:[0m[33m69[0m

[0m[1mTS1308 [0m[ERROR]: 'await' expressions are only allowed within async functions and at the top levels of modules.
    const promptDir = await workspace.getPromptBaseDir();
[0m[31m                      ~~~~~[0m
    at [0m[36mfile:///Users/tettuan/github/breakdown/lib/workspace/2_unit_interfaces_test.ts[0m:[0m[33m722[0m:[0m[33m23[0m

[0m[1mTS1356 [0m[ERROR]:     Did you mean to mark this function as 'async'?
      await t.step("should demonstrate realistic workspace usage flow", () => {
    [0m[31m                                                                    ~~~~~~~[0m
        at [0m[36mfile:///Users/tettuan/github/breakdown/lib/workspace/2_unit_interfaces_test.ts[0m:[0m[33m666[0m:[0m[33m69[0m

[0m[1mTS1308 [0m[ERROR]: 'await' expressions are only allowed within async functions and at the top levels of modules.
    await workspace.validateConfig();
[0m[31m    ~~~~~[0m
    at [0m[36mfile:///Users/tettuan/github/breakdown/lib/workspace/2_unit_interfaces_test.ts[0m:[0m[33m725[0m:[0m[33m5[0m

[0m[1mTS1356 [0m[ERROR]:     Did you mean to mark this function as 'async'?
      await t.step("should demonstrate realistic workspace usage flow", () => {
    [0m[31m                                                                    ~~~~~~~[0m
        at [0m[36mfile:///Users/tettuan/github/breakdown/lib/workspace/2_unit_interfaces_test.ts[0m:[0m[33m666[0m:[0m[33m69[0m

[0m[1mTS2304 [0m[ERROR]: Cannot find name 'Workspace'.
    const errorWorkspace: Workspace = {
[0m[31m                          ~~~~~~~~~[0m
    at [0m[36mfile:///Users/tettuan/github/breakdown/lib/workspace/2_unit_interfaces_test.ts[0m:[0m[33m732[0m:[0m[33m27[0m

[0m[1mTS1308 [0m[ERROR]: 'await' expressions are only allowed within async functions and at the top levels of modules.
    await assertRejects(
[0m[31m    ~~~~~[0m
    at [0m[36mfile:///Users/tettuan/github/breakdown/lib/workspace/2_unit_interfaces_test.ts[0m:[0m[33m770[0m:[0m[33m5[0m

[0m[1mTS1356 [0m[ERROR]:     Did you mean to mark this function as 'async'?
      await t.step("should handle error propagation correctly", () => {
    [0m[31m                                                            ~~~~~~~[0m
        at [0m[36mfile:///Users/tettuan/github/breakdown/lib/workspace/2_unit_interfaces_test.ts[0m:[0m[33m729[0m:[0m[33m61[0m

[0m[1mTS1308 [0m[ERROR]: 'await' expressions are only allowed within async functions and at the top levels of modules.
    await assertRejects(
[0m[31m    ~~~~~[0m
    at [0m[36mfile:///Users/tettuan/github/breakdown/lib/workspace/2_unit_interfaces_test.ts[0m:[0m[33m776[0m:[0m[33m5[0m

[0m[1mTS1356 [0m[ERROR]:     Did you mean to mark this function as 'async'?
      await t.step("should handle error propagation correctly", () => {
    [0m[31m                                                            ~~~~~~~[0m
        at [0m[36mfile:///Users/tettuan/github/breakdown/lib/workspace/2_unit_interfaces_test.ts[0m:[0m[33m729[0m:[0m[33m61[0m

[0m[1mTS1308 [0m[ERROR]: 'await' expressions are only allowed within async functions and at the top levels of modules.
    await assertRejects(
[0m[31m    ~~~~~[0m
    at [0m[36mfile:///Users/tettuan/github/breakdown/lib/workspace/2_unit_interfaces_test.ts[0m:[0m[33m782[0m:[0m[33m5[0m

[0m[1mTS1356 [0m[ERROR]:     Did you mean to mark this function as 'async'?
      await t.step("should handle error propagation correctly", () => {
    [0m[31m                                                            ~~~~~~~[0m
        at [0m[36mfile:///Users/tettuan/github/breakdown/lib/workspace/2_unit_interfaces_test.ts[0m:[0m[33m729[0m:[0m[33m61[0m

[0m[1mTS1308 [0m[ERROR]: 'await' expressions are only allowed within async functions and at the top levels of modules.
    await assertRejects(
[0m[31m    ~~~~~[0m
    at [0m[36mfile:///Users/tettuan/github/breakdown/lib/workspace/2_unit_interfaces_test.ts[0m:[0m[33m788[0m:[0m[33m5[0m

[0m[1mTS1356 [0m[ERROR]:     Did you mean to mark this function as 'async'?
      await t.step("should handle error propagation correctly", () => {
    [0m[31m                                                            ~~~~~~~[0m
        at [0m[36mfile:///Users/tettuan/github/breakdown/lib/workspace/2_unit_interfaces_test.ts[0m:[0m[33m729[0m:[0m[33m61[0m

[0m[1mTS1308 [0m[ERROR]: 'await' expressions are only allowed within async functions and at the top levels of modules.
    await assertRejects(
[0m[31m    ~~~~~[0m
    at [0m[36mfile:///Users/tettuan/github/breakdown/lib/workspace/2_unit_interfaces_test.ts[0m:[0m[33m794[0m:[0m[33m5[0m

[0m[1mTS1356 [0m[ERROR]:     Did you mean to mark this function as 'async'?
      await t.step("should handle error propagation correctly", () => {
    [0m[31m                                                            ~~~~~~~[0m
        at [0m[36mfile:///Users/tettuan/github/breakdown/lib/workspace/2_unit_interfaces_test.ts[0m:[0m[33m729[0m:[0m[33m61[0m

[0m[1mTS7053 [0m[ERROR]: Element implicitly has an 'any' type because expression of type 'string' can't be used to index type 'typeof import("file:///Users/tettuan/github/breakdown/lib/workspace/errors.ts")'.
  No index signature with a parameter of type 'string' was found on type 'typeof import("file:///Users/tettuan/github/breakdown/lib/workspace/errors.ts")'.
      if (key !== "default" && errors[key]?.prototype instanceof Error) {
[0m[31m                               ~~~~~~~~~~~[0m
    at [0m[36mfile:///Users/tettuan/github/breakdown/lib/workspace/2_unit_mod_test.ts[0m:[0m[33m50[0m:[0m[33m32[0m

[0m[1mTS7053 [0m[ERROR]: Element implicitly has an 'any' type because expression of type 'string' can't be used to index type 'typeof import("file:///Users/tettuan/github/breakdown/lib/workspace/mod.ts")'.
  No index signature with a parameter of type 'string' was found on type 'typeof import("file:///Users/tettuan/github/breakdown/lib/workspace/mod.ts")'.
        assertExists(mod[key], `Error class ${key} should be re-exported`);
[0m[31m                     ~~~~~~~~[0m
    at [0m[36mfile:///Users/tettuan/github/breakdown/lib/workspace/2_unit_mod_test.ts[0m:[0m[33m51[0m:[0m[33m22[0m

[0m[1mTS7053 [0m[ERROR]: Element implicitly has an 'any' type because expression of type 'string' can't be used to index type 'typeof import("file:///Users/tettuan/github/breakdown/lib/workspace/mod.ts")'.
  No index signature with a parameter of type 'string' was found on type 'typeof import("file:///Users/tettuan/github/breakdown/lib/workspace/mod.ts")'.
        assertEquals(mod[key], errors[key], `${key} should be the same reference`);
[0m[31m                     ~~~~~~~~[0m
    at [0m[36mfile:///Users/tettuan/github/breakdown/lib/workspace/2_unit_mod_test.ts[0m:[0m[33m52[0m:[0m[33m22[0m

[0m[1mTS7053 [0m[ERROR]: Element implicitly has an 'any' type because expression of type 'string' can't be used to index type 'typeof import("file:///Users/tettuan/github/breakdown/lib/workspace/errors.ts")'.
  No index signature with a parameter of type 'string' was found on type 'typeof import("file:///Users/tettuan/github/breakdown/lib/workspace/errors.ts")'.
        assertEquals(mod[key], errors[key], `${key} should be the same reference`);
[0m[31m                               ~~~~~~~~~~~[0m
    at [0m[36mfile:///Users/tettuan/github/breakdown/lib/workspace/2_unit_mod_test.ts[0m:[0m[33m52[0m:[0m[33m32[0m

[0m[1mTS7053 [0m[ERROR]: Element implicitly has an 'any' type because expression of type 'string' can't be used to index type 'typeof import("file:///Users/tettuan/github/breakdown/lib/workspace/mod.ts")'.
  No index signature with a parameter of type 'string' was found on type 'typeof import("file:///Users/tettuan/github/breakdown/lib/workspace/mod.ts")'.
        assertExists(mod[key], `${key} should be re-exported from workspace.ts`);
[0m[31m                     ~~~~~~~~[0m
    at [0m[36mfile:///Users/tettuan/github/breakdown/lib/workspace/2_unit_mod_test.ts[0m:[0m[33m66[0m:[0m[33m22[0m

[0m[1mTS7053 [0m[ERROR]: Element implicitly has an 'any' type because expression of type 'string' can't be used to index type 'typeof import("file:///Users/tettuan/github/breakdown/lib/workspace/mod.ts")'.
  No index signature with a parameter of type 'string' was found on type 'typeof import("file:///Users/tettuan/github/breakdown/lib/workspace/mod.ts")'.
        assertEquals(mod[key], workspace[key], `${key} should be the same reference`);
[0m[31m                     ~~~~~~~~[0m
    at [0m[36mfile:///Users/tettuan/github/breakdown/lib/workspace/2_unit_mod_test.ts[0m:[0m[33m67[0m:[0m[33m22[0m

[0m[1mTS7053 [0m[ERROR]: Element implicitly has an 'any' type because expression of type 'string' can't be used to index type 'typeof import("file:///Users/tettuan/github/breakdown/lib/workspace/workspace.ts")'.
  No index signature with a parameter of type 'string' was found on type 'typeof import("file:///Users/tettuan/github/breakdown/lib/workspace/workspace.ts")'.
        assertEquals(mod[key], workspace[key], `${key} should be the same reference`);
[0m[31m                               ~~~~~~~~~~~~~~[0m
    at [0m[36mfile:///Users/tettuan/github/breakdown/lib/workspace/2_unit_mod_test.ts[0m:[0m[33m67[0m:[0m[33m32[0m

[0m[1mTS2554 [0m[ERROR]: Expected 2 arguments, but got 1.
      const error = new mod.WorkspaceError("Test error");
[0m[31m                    ~~~~~~~~~~~~~~~~~~~~~~~~~~~~~~~~~~~~[0m
    at [0m[36mfile:///Users/tettuan/github/breakdown/lib/workspace/2_unit_mod_test.ts[0m:[0m[33m79[0m:[0m[33m21[0m

    An argument for 'code' was not provided.
      constructor(message: string, code: string) {
    [0m[36m                               ~~~~~~~~~~~~[0m
        at [0m[36mfile:///Users/tettuan/github/breakdown/lib/workspace/errors.ts[0m:[0m[33m60[0m:[0m[33m32[0m

[0m[1mTS2339 [0m[ERROR]: Property 'WorkspaceInitializationError' does not exist on type 'typeof import("file:///Users/tettuan/github/breakdown/lib/workspace/mod.ts")'.
    if (mod.WorkspaceInitializationError) {
[0m[31m            ~~~~~~~~~~~~~~~~~~~~~~~~~~~~[0m
    at [0m[36mfile:///Users/tettuan/github/breakdown/lib/workspace/2_unit_mod_test.ts[0m:[0m[33m86[0m:[0m[33m13[0m

[0m[1mTS2339 [0m[ERROR]: Property 'WorkspaceInitializationError' does not exist on type 'typeof import("file:///Users/tettuan/github/breakdown/lib/workspace/mod.ts")'.
      const initError = new mod.WorkspaceInitializationError("Init failed", ".");
[0m[31m                                ~~~~~~~~~~~~~~~~~~~~~~~~~~~~[0m
    at [0m[36mfile:///Users/tettuan/github/breakdown/lib/workspace/2_unit_mod_test.ts[0m:[0m[33m87[0m:[0m[33m33[0m

[0m[1mTS2551 [0m[ERROR]: Property 'initializeWorkspace' does not exist on type 'typeof import("file:///Users/tettuan/github/breakdown/lib/workspace/mod.ts")'. Did you mean 'initWorkspace'?
    if (mod.initializeWorkspace) {
[0m[31m            ~~~~~~~~~~~~~~~~~~~[0m
    at [0m[36mfile:///Users/tettuan/github/breakdown/lib/workspace/2_unit_mod_test.ts[0m:[0m[33m99[0m:[0m[33m13[0m

    'initWorkspace' is declared here.
    export async function initWorkspace(
    [0m[36m                      ~~~~~~~~~~~~~[0m
        at [0m[36mfile:///Users/tettuan/github/breakdown/lib/workspace/workspace.ts[0m:[0m[33m285[0m:[0m[33m23[0m

[0m[1mTS2551 [0m[ERROR]: Property 'initializeWorkspace' does not exist on type 'typeof import("file:///Users/tettuan/github/breakdown/lib/workspace/mod.ts")'. Did you mean 'initWorkspace'?
      assertEquals(typeof mod.initializeWorkspace, "function");
[0m[31m                              ~~~~~~~~~~~~~~~~~~~[0m
    at [0m[36mfile:///Users/tettuan/github/breakdown/lib/workspace/2_unit_mod_test.ts[0m:[0m[33m100[0m:[0m[33m31[0m

    'initWorkspace' is declared here.
    export async function initWorkspace(
    [0m[36m                      ~~~~~~~~~~~~~[0m
        at [0m[36mfile:///Users/tettuan/github/breakdown/lib/workspace/workspace.ts[0m:[0m[33m285[0m:[0m[33m23[0m

[0m[1mTS2339 [0m[ERROR]: Property 'validateWorkspaceStructure' does not exist on type 'typeof import("file:///Users/tettuan/github/breakdown/lib/workspace/mod.ts")'.
    if (mod.validateWorkspaceStructure) {
[0m[31m            ~~~~~~~~~~~~~~~~~~~~~~~~~~[0m
    at [0m[36mfile:///Users/tettuan/github/breakdown/lib/workspace/2_unit_mod_test.ts[0m:[0m[33m103[0m:[0m[33m13[0m

[0m[1mTS2339 [0m[ERROR]: Property 'validateWorkspaceStructure' does not exist on type 'typeof import("file:///Users/tettuan/github/breakdown/lib/workspace/mod.ts")'.
      assertEquals(typeof mod.validateWorkspaceStructure, "function");
[0m[31m                              ~~~~~~~~~~~~~~~~~~~~~~~~~~[0m
    at [0m[36mfile:///Users/tettuan/github/breakdown/lib/workspace/2_unit_mod_test.ts[0m:[0m[33m104[0m:[0m[33m31[0m

[0m[1mTS7053 [0m[ERROR]: Element implicitly has an 'any' type because expression of type 'string' can't be used to index type 'typeof import("file:///Users/tettuan/github/breakdown/lib/workspace/mod.ts")'.
  No index signature with a parameter of type 'string' was found on type 'typeof import("file:///Users/tettuan/github/breakdown/lib/workspace/mod.ts")'.
        assertEquals(mod1[key], mod2[key],
[0m[31m                     ~~~~~~~~~[0m
    at [0m[36mfile:///Users/tettuan/github/breakdown/lib/workspace/2_unit_mod_test.ts[0m:[0m[33m118[0m:[0m[33m22[0m

[0m[1mTS7053 [0m[ERROR]: Element implicitly has an 'any' type because expression of type 'string' can't be used to index type 'typeof import("file:///Users/tettuan/github/breakdown/lib/workspace/mod.ts")'.
  No index signature with a parameter of type 'string' was found on type 'typeof import("file:///Users/tettuan/github/breakdown/lib/workspace/mod.ts")'.
        assertEquals(mod1[key], mod2[key],
[0m[31m                                ~~~~~~~~~[0m
    at [0m[36mfile:///Users/tettuan/github/breakdown/lib/workspace/2_unit_mod_test.ts[0m:[0m[33m118[0m:[0m[33m33[0m

[0m[1mTS7053 [0m[ERROR]: Element implicitly has an 'any' type because expression of type 'string' can't be used to index type 'typeof import("file:///Users/tettuan/github/breakdown/lib/workspace/mod.ts")'.
  No index signature with a parameter of type 'string' was found on type 'typeof import("file:///Users/tettuan/github/breakdown/lib/workspace/mod.ts")'.
      assertExists(mod[apiItem], `Stable API item ${apiItem} should exist`);
[0m[31m                   ~~~~~~~~~~~~[0m
    at [0m[36mfile:///Users/tettuan/github/breakdown/lib/workspace/2_unit_mod_test.ts[0m:[0m[33m169[0m:[0m[33m20[0m

Found 257 errors.

[0m[1m[31merror[0m: Type checking failed.
